Archive member included to satisfy reference by file (symbol)

C:/ST/STM32CubeIDE_1.19.0/STM32CubeIDE/plugins/com.st.stm32cube.ide.mcu.externaltools.gnu-tools-for-stm32.13.3.rel1.win32_1.0.0.202411081344/tools/bin/../lib/gcc/arm-none-eabi/13.3.1/../../../../arm-none-eabi/lib/thumb/v7e-m+fp/hard\libc_nano.a(libc_a-exit.o)
                              C:/ST/STM32CubeIDE_1.19.0/STM32CubeIDE/plugins/com.st.stm32cube.ide.mcu.externaltools.gnu-tools-for-stm32.13.3.rel1.win32_1.0.0.202411081344/tools/bin/../lib/gcc/arm-none-eabi/13.3.1/../../../../arm-none-eabi/lib/thumb/v7e-m+fp/hard/crt0.o (exit)
C:/ST/STM32CubeIDE_1.19.0/STM32CubeIDE/plugins/com.st.stm32cube.ide.mcu.externaltools.gnu-tools-for-stm32.13.3.rel1.win32_1.0.0.202411081344/tools/bin/../lib/gcc/arm-none-eabi/13.3.1/../../../../arm-none-eabi/lib/thumb/v7e-m+fp/hard\libc_nano.a(libc_a-findfp.o)
                              C:/ST/STM32CubeIDE_1.19.0/STM32CubeIDE/plugins/com.st.stm32cube.ide.mcu.externaltools.gnu-tools-for-stm32.13.3.rel1.win32_1.0.0.202411081344/tools/bin/../lib/gcc/arm-none-eabi/13.3.1/../../../../arm-none-eabi/lib/thumb/v7e-m+fp/hard\libc_nano.a(libc_a-exit.o) (__stdio_exit_handler)
C:/ST/STM32CubeIDE_1.19.0/STM32CubeIDE/plugins/com.st.stm32cube.ide.mcu.externaltools.gnu-tools-for-stm32.13.3.rel1.win32_1.0.0.202411081344/tools/bin/../lib/gcc/arm-none-eabi/13.3.1/../../../../arm-none-eabi/lib/thumb/v7e-m+fp/hard\libc_nano.a(libc_a-fwalk.o)
                              C:/ST/STM32CubeIDE_1.19.0/STM32CubeIDE/plugins/com.st.stm32cube.ide.mcu.externaltools.gnu-tools-for-stm32.13.3.rel1.win32_1.0.0.202411081344/tools/bin/../lib/gcc/arm-none-eabi/13.3.1/../../../../arm-none-eabi/lib/thumb/v7e-m+fp/hard\libc_nano.a(libc_a-findfp.o) (_fwalk_sglue)
C:/ST/STM32CubeIDE_1.19.0/STM32CubeIDE/plugins/com.st.stm32cube.ide.mcu.externaltools.gnu-tools-for-stm32.13.3.rel1.win32_1.0.0.202411081344/tools/bin/../lib/gcc/arm-none-eabi/13.3.1/../../../../arm-none-eabi/lib/thumb/v7e-m+fp/hard\libc_nano.a(libc_a-stdio.o)
                              C:/ST/STM32CubeIDE_1.19.0/STM32CubeIDE/plugins/com.st.stm32cube.ide.mcu.externaltools.gnu-tools-for-stm32.13.3.rel1.win32_1.0.0.202411081344/tools/bin/../lib/gcc/arm-none-eabi/13.3.1/../../../../arm-none-eabi/lib/thumb/v7e-m+fp/hard\libc_nano.a(libc_a-findfp.o) (__sread)
C:/ST/STM32CubeIDE_1.19.0/STM32CubeIDE/plugins/com.st.stm32cube.ide.mcu.externaltools.gnu-tools-for-stm32.13.3.rel1.win32_1.0.0.202411081344/tools/bin/../lib/gcc/arm-none-eabi/13.3.1/../../../../arm-none-eabi/lib/thumb/v7e-m+fp/hard\libc_nano.a(libc_a-memcmp.o)
                              ./Common/ThirdParty/SEGGER/OS/SEGGER_SYSVIEW_FreeRTOS.o (memcmp)
C:/ST/STM32CubeIDE_1.19.0/STM32CubeIDE/plugins/com.st.stm32cube.ide.mcu.externaltools.gnu-tools-for-stm32.13.3.rel1.win32_1.0.0.202411081344/tools/bin/../lib/gcc/arm-none-eabi/13.3.1/../../../../arm-none-eabi/lib/thumb/v7e-m+fp/hard\libc_nano.a(libc_a-memset.o)
                              C:/ST/STM32CubeIDE_1.19.0/STM32CubeIDE/plugins/com.st.stm32cube.ide.mcu.externaltools.gnu-tools-for-stm32.13.3.rel1.win32_1.0.0.202411081344/tools/bin/../lib/gcc/arm-none-eabi/13.3.1/../../../../arm-none-eabi/lib/thumb/v7e-m+fp/hard/crt0.o (memset)
C:/ST/STM32CubeIDE_1.19.0/STM32CubeIDE/plugins/com.st.stm32cube.ide.mcu.externaltools.gnu-tools-for-stm32.13.3.rel1.win32_1.0.0.202411081344/tools/bin/../lib/gcc/arm-none-eabi/13.3.1/../../../../arm-none-eabi/lib/thumb/v7e-m+fp/hard\libc_nano.a(libc_a-closer.o)
                              C:/ST/STM32CubeIDE_1.19.0/STM32CubeIDE/plugins/com.st.stm32cube.ide.mcu.externaltools.gnu-tools-for-stm32.13.3.rel1.win32_1.0.0.202411081344/tools/bin/../lib/gcc/arm-none-eabi/13.3.1/../../../../arm-none-eabi/lib/thumb/v7e-m+fp/hard\libc_nano.a(libc_a-stdio.o) (_close_r)
C:/ST/STM32CubeIDE_1.19.0/STM32CubeIDE/plugins/com.st.stm32cube.ide.mcu.externaltools.gnu-tools-for-stm32.13.3.rel1.win32_1.0.0.202411081344/tools/bin/../lib/gcc/arm-none-eabi/13.3.1/../../../../arm-none-eabi/lib/thumb/v7e-m+fp/hard\libc_nano.a(libc_a-reent.o)
                              C:/ST/STM32CubeIDE_1.19.0/STM32CubeIDE/plugins/com.st.stm32cube.ide.mcu.externaltools.gnu-tools-for-stm32.13.3.rel1.win32_1.0.0.202411081344/tools/bin/../lib/gcc/arm-none-eabi/13.3.1/../../../../arm-none-eabi/lib/thumb/v7e-m+fp/hard\libc_nano.a(libc_a-closer.o) (errno)
C:/ST/STM32CubeIDE_1.19.0/STM32CubeIDE/plugins/com.st.stm32cube.ide.mcu.externaltools.gnu-tools-for-stm32.13.3.rel1.win32_1.0.0.202411081344/tools/bin/../lib/gcc/arm-none-eabi/13.3.1/../../../../arm-none-eabi/lib/thumb/v7e-m+fp/hard\libc_nano.a(libc_a-impure.o)
                              C:/ST/STM32CubeIDE_1.19.0/STM32CubeIDE/plugins/com.st.stm32cube.ide.mcu.externaltools.gnu-tools-for-stm32.13.3.rel1.win32_1.0.0.202411081344/tools/bin/../lib/gcc/arm-none-eabi/13.3.1/../../../../arm-none-eabi/lib/thumb/v7e-m+fp/hard\libc_nano.a(libc_a-reent.o) (_impure_ptr)
[...]
Memory Configuration

Name             Origin             Length             Attributes
CCMRAM           0x10000000         0x00010000         xrw
RAM              0x20000000         0x00020000         xrw
FLASH            0x08000000         0x00100000         xr
*default*        0x00000000         0xffffffff

Linker script and memory map

LOAD C:/ST/STM32CubeIDE_1.19.0/STM32CubeIDE/plugins/com.st.stm32cube.ide.mcu.externaltools.gnu-tools-for-stm32.13.3.rel1.win32_1.0.0.202411081344/tools/bin/../lib/gcc/arm-none-eabi/13.3.1/thumb/v7e-m+fp/hard/crti.o
LOAD C:/ST/STM32CubeIDE_1.19.0/STM32CubeIDE/plugins/com.st.stm32cube.ide.mcu.externaltools.gnu-tools-for-stm32.13.3.rel1.win32_1.0.0.202411081344/tools/bin/../lib/gcc/arm-none-eabi/13.3.1/thumb/v7e-m+fp/hard/crtbegin.o
LOAD C:/ST/STM32CubeIDE_1.19.0/STM32CubeIDE/plugins/com.st.stm32cube.ide.mcu.externaltools.gnu-tools-for-stm32.13.3.rel1.win32_1.0.0.202411081344/tools/bin/../lib/gcc/arm-none-eabi/13.3.1/../../../../arm-none-eabi/lib/thumb/v7e-m+fp/hard/crt0.o
LOAD ./Common/ThirdParty/FreeRTOS/croutine.o
LOAD ./Common/ThirdParty/FreeRTOS/event_groups.o
LOAD ./Common/ThirdParty/FreeRTOS/list.o
LOAD ./Common/ThirdParty/FreeRTOS/queue.o
LOAD ./Common/ThirdParty/FreeRTOS/stream_buffer.o
LOAD ./Common/ThirdParty/FreeRTOS/tasks.o
LOAD ./Common/ThirdParty/FreeRTOS/timers.o
LOAD ./Common/ThirdParty/FreeRTOS/portable/GCC/ARM_CM4F/port.o
LOAD ./Common/ThirdParty/FreeRTOS/portable/MemMang/heap_4.o
LOAD ./Common/ThirdParty/SEGGER/Config/SEGGER_SYSVIEW_Config_FreeRTOS.o
LOAD ./Common/ThirdParty/SEGGER/OS/SEGGER_SYSVIEW_FreeRTOS.o
LOAD ./Common/ThirdParty/SEGGER/Rec/segger_uart.o
LOAD ./Common/ThirdParty/SEGGER/SEGGER/SEGGER_RTT.o
LOAD ./Common/ThirdParty/SEGGER/SEGGER/SEGGER_RTT_ASM_ARMv7M.o
LOAD ./Common/ThirdParty/SEGGER/SEGGER/SEGGER_RTT_printf.o
LOAD ./Common/ThirdParty/SEGGER/SEGGER/SEGGER_SYSVIEW.o
LOAD ./Common/ThirdParty/SEGGER/SEGGER/Syscalls/SEGGER_RTT_Syscalls_GCC.o
LOAD ./Core/Src/main.o
LOAD ./Core/Src/stm32f4xx_hal_msp.o
LOAD ./Core/Src/stm32f4xx_hal_timebase_tim.o
LOAD ./Core/Src/stm32f4xx_it.o
LOAD ./Core/Src/syscalls.o
LOAD ./Core/Src/system_stm32f4xx.o
LOAD ./Core/Startup/startup_stm32f407vgtx.o
LOAD ./Drivers/STM32F4xx_HAL_Driver/Src/stm32f4xx_hal.o
LOAD ./Drivers/STM32F4xx_HAL_Driver/Src/stm32f4xx_hal_cortex.o
LOAD ./Drivers/STM32F4xx_HAL_Driver/Src/stm32f4xx_hal_dma.o
LOAD ./Drivers/STM32F4xx_HAL_Driver/Src/stm32f4xx_hal_dma_ex.o
LOAD ./Drivers/STM32F4xx_HAL_Driver/Src/stm32f4xx_hal_exti.o
LOAD ./Drivers/STM32F4xx_HAL_Driver/Src/stm32f4xx_hal_flash.o
LOAD ./Drivers/STM32F4xx_HAL_Driver/Src/stm32f4xx_hal_flash_ex.o
LOAD ./Drivers/STM32F4xx_HAL_Driver/Src/stm32f4xx_hal_flash_ramfunc.o
LOAD ./Drivers/STM32F4xx_HAL_Driver/Src/stm32f4xx_hal_gpio.o
LOAD ./Drivers/STM32F4xx_HAL_Driver/Src/stm32f4xx_hal_pwr.o
LOAD ./Drivers/STM32F4xx_HAL_Driver/Src/stm32f4xx_hal_pwr_ex.o
LOAD ./Drivers/STM32F4xx_HAL_Driver/Src/stm32f4xx_hal_rcc.o
LOAD ./Drivers/STM32F4xx_HAL_Driver/Src/stm32f4xx_hal_rcc_ex.o
LOAD ./Drivers/STM32F4xx_HAL_Driver/Src/stm32f4xx_hal_tim.o
LOAD ./Drivers/STM32F4xx_HAL_Driver/Src/stm32f4xx_hal_tim_ex.o
START GROUP
LOAD C:/ST/STM32CubeIDE_1.19.0/STM32CubeIDE/plugins/com.st.stm32cube.ide.mcu.externaltools.gnu-tools-for-stm32.13.3.rel1.win32_1.0.0.202411081344/tools/bin/../lib/gcc/arm-none-eabi/13.3.1/../../../../arm-none-eabi/lib/thumb/v7e-m+fp/hard\libc_nano.a
LOAD C:/ST/STM32CubeIDE_1.19.0/STM32CubeIDE/plugins/com.st.stm32cube.ide.mcu.externaltools.gnu-tools-for-stm32.13.3.rel1.win32_1.0.0.202411081344/tools/bin/../lib/gcc/arm-none-eabi/13.3.1/../../../../arm-none-eabi/lib/thumb/v7e-m+fp/hard\libm.a
END GROUP
START GROUP
LOAD C:/ST/STM32CubeIDE_1.19.0/STM32CubeIDE/plugins/com.st.stm32cube.ide.mcu.externaltools.gnu-tools-for-stm32.13.3.rel1.win32_1.0.0.202411081344/tools/bin/../lib/gcc/arm-none-eabi/13.3.1/thumb/v7e-m+fp/hard\libgcc.a
LOAD C:/ST/STM32CubeIDE_1.19.0/STM32CubeIDE/plugins/com.st.stm32cube.ide.mcu.externaltools.gnu-tools-for-stm32.13.3.rel1.win32_1.0.0.202411081344/tools/bin/../lib/gcc/arm-none-eabi/13.3.1/../../../../arm-none-eabi/lib/thumb/v7e-m+fp/hard\libc_nano.a
END GROUP
START GROUP
LOAD C:/ST/STM32CubeIDE_1.19.0/STM32CubeIDE/plugins/com.st.stm32cube.ide.mcu.externaltools.gnu-tools-for-stm32.13.3.rel1.win32_1.0.0.202411081344/tools/bin/../lib/gcc/arm-none-eabi/13.3.1/thumb/v7e-m+fp/hard\libgcc.a
LOAD C:/ST/STM32CubeIDE_1.19.0/STM32CubeIDE/plugins/com.st.stm32cube.ide.mcu.externaltools.gnu-tools-for-stm32.13.3.rel1.win32_1.0.0.202411081344/tools/bin/../lib/gcc/arm-none-eabi/13.3.1/../../../../arm-none-eabi/lib/thumb/v7e-m+fp/hard\libc_nano.a
LOAD C:/ST/STM32CubeIDE_1.19.0/STM32CubeIDE/plugins/com.st.stm32cube.ide.mcu.externaltools.gnu-tools-for-stm32.13.3.rel1.win32_1.0.0.202411081344/tools/bin/../lib/gcc/arm-none-eabi/13.3.1/../../../../arm-none-eabi/lib/thumb/v7e-m+fp/hard\libnosys.a
END GROUP
START GROUP
LOAD C:/ST/STM32CubeIDE_1.19.0/STM32CubeIDE/plugins/com.st.stm32cube.ide.mcu.externaltools.gnu-tools-for-stm32.13.3.rel1.win32_1.0.0.202411081344/tools/bin/../lib/gcc/arm-none-eabi/13.3.1/thumb/v7e-m+fp/hard\libgcc.a
LOAD C:/ST/STM32CubeIDE_1.19.0/STM32CubeIDE/plugins/com.st.stm32cube.ide.mcu.externaltools.gnu-tools-for-stm32.13.3.rel1.win32_1.0.0.202411081344/tools/bin/../lib/gcc/arm-none-eabi/13.3.1/../../../../arm-none-eabi/lib/thumb/v7e-m+fp/hard\libc_nano.a
LOAD C:/ST/STM32CubeIDE_1.19.0/STM32CubeIDE/plugins/com.st.stm32cube.ide.mcu.externaltools.gnu-tools-for-stm32.13.3.rel1.win32_1.0.0.202411081344/tools/bin/../lib/gcc/arm-none-eabi/13.3.1/../../../../arm-none-eabi/lib/thumb/v7e-m+fp/hard\libnosys.a
END GROUP
LOAD C:/ST/STM32CubeIDE_1.19.0/STM32CubeIDE/plugins/com.st.stm32cube.ide.mcu.externaltools.gnu-tools-for-stm32.13.3.rel1.win32_1.0.0.202411081344/tools/bin/../lib/gcc/arm-none-eabi/13.3.1/thumb/v7e-m+fp/hard/crtend.o
LOAD C:/ST/STM32CubeIDE_1.19.0/STM32CubeIDE/plugins/com.st.stm32cube.ide.mcu.externaltools.gnu-tools-for-stm32.13.3.rel1.win32_1.0.0.202411081344/tools/bin/../lib/gcc/arm-none-eabi/13.3.1/thumb/v7e-m+fp/hard/crtn.o
                0x20020000                        _estack = (ORIGIN (RAM) + LENGTH (RAM))
                0x00000200                        _Min_Heap_Size = 0x200
                0x00000400                        _Min_Stack_Size = 0x400

.isr_vector     0x08000000      0x188
                0x08000000                        . = ALIGN (0x4)
 *(.isr_vector)
 .isr_vector    0x08000000      0x188 ./Core/Startup/startup_stm32f407vgtx.o
                0x08000000                g_pfnVectors
                0x08000188                        . = ALIGN (0x4)

.text           0x08000188     0x4ac8
                0x08000188                        . = ALIGN (0x4)
 *(.text)
 .text          0x08000188       0x40 C:/ST/STM32CubeIDE_1.19.0/STM32CubeIDE/plugins/com.st.stm32cube.ide.mcu.externaltools.gnu-tools-for-stm32.13.3.rel1.win32_1.0.0.202411081344/tools/bin/../lib/gcc/arm-none-eabi/13.3.1/thumb/v7e-m+fp/hard/crtbegin.o
 .text          0x080001c8       0x94 ./Common/ThirdParty/SEGGER/SEGGER/SEGGER_RTT_ASM_ARMv7M.o
                0x080001c8                SEGGER_RTT_ASM_WriteSkipNoLock
 .text          0x0800025c       0x30 C:/ST/STM32CubeIDE_1.19.0/STM32CubeIDE/plugins/com.st.stm32cube.ide.mcu.externaltools.gnu-tools-for-stm32.13.3.rel1.win32_1.0.0.202411081344/tools/bin/../lib/gcc/arm-none-eabi/13.3.1/thumb/v7e-m+fp/hard\libgcc.a(_aeabi_uldivmod.o)
                0x0800025c                __aeabi_uldivmod
 .text          0x0800028c      0x2f8 C:/ST/STM32CubeIDE_1.19.0/STM32CubeIDE/plugins/com.st.stm32cube.ide.mcu.externaltools.gnu-tools-for-stm32.13.3.rel1.win32_1.0.0.202411081344/tools/bin/../lib/gcc/arm-none-eabi/13.3.1/thumb/v7e-m+fp/hard\libgcc.a(_udivmoddi4.o)
                0x0800028c                __udivmoddi4
 .text          0x08000584        0x4 C:/ST/STM32CubeIDE_1.19.0/STM32CubeIDE/plugins/com.st.stm32cube.ide.mcu.externaltools.gnu-tools-for-stm32.13.3.rel1.win32_1.0.0.202411081344/tools/bin/../lib/gcc/arm-none-eabi/13.3.1/thumb/v7e-m+fp/hard\libgcc.a(_dvmd_tls.o)
                0x08000584                __aeabi_idiv0
                0x08000584                __aeabi_ldiv0
 *(.text*)
 .text.vListInitialise
                0x08000588       0x40 ./Common/ThirdParty/FreeRTOS/list.o
                0x08000588                vListInitialise
 .text.vListInitialiseItem
                0x080005c8       0x1a ./Common/ThirdParty/FreeRTOS/list.o
                0x080005c8                vListInitialiseItem
 .text.vListInsertEnd
                0x080005e2       0x48 ./Common/ThirdParty/FreeRTOS/list.o
                0x080005e2                vListInsertEnd
 .text.uxListRemove
                0x0800062a       0x54 ./Common/ThirdParty/FreeRTOS/list.o
                0x0800062a                uxListRemove
 .text.xTaskCreate
                0x0800067e       0x82 ./Common/ThirdParty/FreeRTOS/tasks.o
                0x0800067e                xTaskCreate
 .text.prvInitialiseNewTask
                0x08000700      0x132 ./Common/ThirdParty/FreeRTOS/tasks.o
 *fill*         0x08000832        0x2 
 .text.prvAddNewTaskToReadyList
                0x08000834      0x118 ./Common/ThirdParty/FreeRTOS/tasks.o
 .text.vTaskStartScheduler
                0x0800094c       0xb0 ./Common/ThirdParty/FreeRTOS/tasks.o
                0x0800094c                vTaskStartScheduler
 .text.vTaskSuspendAll
                0x080009fc       0x1c ./Common/ThirdParty/FreeRTOS/tasks.o
                0x080009fc                vTaskSuspendAll
 .text.xTaskResumeAll
                0x08000a18      0x144 ./Common/ThirdParty/FreeRTOS/tasks.o
                0x08000a18                xTaskResumeAll
 .text.xTaskGetTickCountFromISR
                0x08000b5c       0x48 ./Common/ThirdParty/FreeRTOS/tasks.o
                0x08000b5c                xTaskGetTickCountFromISR
 .text.xTaskIncrementTick
                0x08000ba4      0x180 ./Common/ThirdParty/FreeRTOS/tasks.o
                0x08000ba4                xTaskIncrementTick
 .text.vTaskSwitchContext
                0x08000d24       0xd4 ./Common/ThirdParty/FreeRTOS/tasks.o
                0x08000d24                vTaskSwitchContext
 .text.prvIdleTask
                0x08000df8       0x30 ./Common/ThirdParty/FreeRTOS/tasks.o
 .text.prvInitialiseTaskLists
                0x08000e28       0x80 ./Common/ThirdParty/FreeRTOS/tasks.o
 .text.prvCheckTasksWaitingTermination
                0x08000ea8       0x5c ./Common/ThirdParty/FreeRTOS/tasks.o
 .text.prvDeleteTCB
                0x08000f04       0x20 ./Common/ThirdParty/FreeRTOS/tasks.o
 .text.prvResetNextTaskUnblockTime
                0x08000f24       0x40 ./Common/ThirdParty/FreeRTOS/tasks.o
 .text.pxPortInitialiseStack
                0x08000f64       0x68 ./Common/ThirdParty/FreeRTOS/portable/GCC/ARM_CM4F/port.o
                0x08000f64                pxPortInitialiseStack
 .text.prvTaskExitError
                0x08000fcc       0x5c ./Common/ThirdParty/FreeRTOS/portable/GCC/ARM_CM4F/port.o
 .text.SVC_Handler
                0x08001028       0x24 ./Common/ThirdParty/FreeRTOS/portable/GCC/ARM_CM4F/port.o
                0x08001028                SVC_Handler
 .text.prvPortStartFirstTask
                0x0800104c       0x2c ./Common/ThirdParty/FreeRTOS/portable/GCC/ARM_CM4F/port.o
 .text.xPortStartScheduler
                0x08001078      0x184 ./Common/ThirdParty/FreeRTOS/portable/GCC/ARM_CM4F/port.o
                0x08001078                xPortStartScheduler
 .text.vInitPrioGroupValue
                0x080011fc      0x100 ./Common/ThirdParty/FreeRTOS/portable/GCC/ARM_CM4F/port.o
                0x080011fc                vInitPrioGroupValue
 .text.vPortEnterCritical
                0x080012fc       0x64 ./Common/ThirdParty/FreeRTOS/portable/GCC/ARM_CM4F/port.o
                0x080012fc                vPortEnterCritical
 .text.vPortExitCritical
                0x08001360       0x54 ./Common/ThirdParty/FreeRTOS/portable/GCC/ARM_CM4F/port.o
                0x08001360                vPortExitCritical
 .text.PendSV_Handler
                0x080013b4       0x64 ./Common/ThirdParty/FreeRTOS/portable/GCC/ARM_CM4F/port.o
                0x080013b4                PendSV_Handler
 .text.SysTick_Handler
                0x08001418       0x54 ./Common/ThirdParty/FreeRTOS/portable/GCC/ARM_CM4F/port.o
                0x08001418                SysTick_Handler
 .text.vPortSetupTimerInterrupt
                0x0800146c       0x48 ./Common/ThirdParty/FreeRTOS/portable/GCC/ARM_CM4F/port.o
                0x0800146c                vPortSetupTimerInterrupt
 .text.vPortEnableVFP
                0x080014b4       0x18 ./Common/ThirdParty/FreeRTOS/portable/GCC/ARM_CM4F/port.o
 .text.pvPortMalloc
                0x080014cc      0x190 ./Common/ThirdParty/FreeRTOS/portable/MemMang/heap_4.o
                0x080014cc                pvPortMalloc
 .text.vPortFree
                0x0800165c       0xb8 ./Common/ThirdParty/FreeRTOS/portable/MemMang/heap_4.o
                0x0800165c                vPortFree
 .text.prvHeapInit
                0x08001714       0xc4 ./Common/ThirdParty/FreeRTOS/portable/MemMang/heap_4.o
 .text.prvInsertBlockIntoFreeList
                0x080017d8       0xb4 ./Common/ThirdParty/FreeRTOS/portable/MemMang/heap_4.o
 .text._cbSendSystemDesc
                0x0800188c       0x1c ./Common/ThirdParty/SEGGER/Config/SEGGER_SYSVIEW_Config_FreeRTOS.o
 .text.SEGGER_SYSVIEW_Conf
                0x080018a8       0x2c ./Common/ThirdParty/SEGGER/Config/SEGGER_SYSVIEW_Config_FreeRTOS.o
                0x080018a8                SEGGER_SYSVIEW_Conf
 .text._cbSendTaskList
                0x080018d4       0x90 ./Common/ThirdParty/SEGGER/OS/SEGGER_SYSVIEW_FreeRTOS.o
 .text._cbGetTime
                0x08001964       0x88 ./Common/ThirdParty/SEGGER/OS/SEGGER_SYSVIEW_FreeRTOS.o
 .text.SYSVIEW_AddTask
                0x080019ec       0xd0 ./Common/ThirdParty/SEGGER/OS/SEGGER_SYSVIEW_FreeRTOS.o
                0x080019ec                SYSVIEW_AddTask
 .text.SYSVIEW_SendTaskInfo
                0x08001abc       0x42 ./Common/ThirdParty/SEGGER/OS/SEGGER_SYSVIEW_FreeRTOS.o
                0x08001abc                SYSVIEW_SendTaskInfo
 *fill*         0x08001afe        0x2 
 .text._DoInit  0x08001b00       0xb0 ./Common/ThirdParty/SEGGER/SEGGER/SEGGER_RTT.o
 .text.SEGGER_RTT_ReadNoLock
                0x08001bb0      0x10c ./Common/ThirdParty/SEGGER/SEGGER/SEGGER_RTT.o
                0x08001bb0                SEGGER_RTT_ReadNoLock
 .text.SEGGER_RTT_AllocUpBuffer
                0x08001cbc      0x108 ./Common/ThirdParty/SEGGER/SEGGER/SEGGER_RTT.o
                0x08001cbc                SEGGER_RTT_AllocUpBuffer
 .text.SEGGER_RTT_ConfigDownBuffer
                0x08001dc4       0xe0 ./Common/ThirdParty/SEGGER/SEGGER/SEGGER_RTT.o
                0x08001dc4                SEGGER_RTT_ConfigDownBuffer
 .text._EncodeStr
                0x08001ea4       0x9a ./Common/ThirdParty/SEGGER/SEGGER/SEGGER_SYSVIEW.o
 .text._PreparePacket
                0x08001f3e       0x18 ./Common/ThirdParty/SEGGER/SEGGER/SEGGER_SYSVIEW.o
 *fill*         0x08001f56        0x2 
 .text._HandleIncomingPacket
                0x08001f58       0xe0 ./Common/ThirdParty/SEGGER/SEGGER/SEGGER_SYSVIEW.o
 .text._TrySendOverflowPacket
                0x08002038       0xe4 ./Common/ThirdParty/SEGGER/SEGGER/SEGGER_SYSVIEW.o
 .text._SendPacket
                0x0800211c      0x1cc ./Common/ThirdParty/SEGGER/SEGGER/SEGGER_SYSVIEW.o
 .text.SEGGER_SYSVIEW_Init
                0x080022e8       0x88 ./Common/ThirdParty/SEGGER/SEGGER/SEGGER_SYSVIEW.o
                0x080022e8                SEGGER_SYSVIEW_Init
 .text.SEGGER_SYSVIEW_SetRAMBase
                0x08002370       0x20 ./Common/ThirdParty/SEGGER/SEGGER/SEGGER_SYSVIEW.o
                0x08002370                SEGGER_SYSVIEW_SetRAMBase
 .text.SEGGER_SYSVIEW_RecordVoid
                0x08002390       0x3c ./Common/ThirdParty/SEGGER/SEGGER/SEGGER_SYSVIEW.o
                0x08002390                SEGGER_SYSVIEW_RecordVoid
 .text.SEGGER_SYSVIEW_RecordU32
                0x080023cc       0x78 ./Common/ThirdParty/SEGGER/SEGGER/SEGGER_SYSVIEW.o
                0x080023cc                SEGGER_SYSVIEW_RecordU32
 .text.SEGGER_SYSVIEW_RecordU32x2
                0x08002444       0xb4 ./Common/ThirdParty/SEGGER/SEGGER/SEGGER_SYSVIEW.o
                0x08002444                SEGGER_SYSVIEW_RecordU32x2
 .text.SEGGER_SYSVIEW_Start
                0x080024f8      0x174 ./Common/ThirdParty/SEGGER/SEGGER/SEGGER_SYSVIEW.o
                0x080024f8                SEGGER_SYSVIEW_Start
 .text.SEGGER_SYSVIEW_Stop
                0x0800266c       0x4c ./Common/ThirdParty/SEGGER/SEGGER/SEGGER_SYSVIEW.o
                0x0800266c                SEGGER_SYSVIEW_Stop
 .text.SEGGER_SYSVIEW_GetSysDesc
                0x080026b8      0x134 ./Common/ThirdParty/SEGGER/SEGGER/SEGGER_SYSVIEW.o
                0x080026b8                SEGGER_SYSVIEW_GetSysDesc
 .text.SEGGER_SYSVIEW_SendTaskInfo
                0x080027ec      0x1c8 ./Common/ThirdParty/SEGGER/SEGGER/SEGGER_SYSVIEW.o
                0x080027ec                SEGGER_SYSVIEW_SendTaskInfo
 .text.SEGGER_SYSVIEW_SendTaskList
                0x080029b4       0x28 ./Common/ThirdParty/SEGGER/SEGGER/SEGGER_SYSVIEW.o
                0x080029b4                SEGGER_SYSVIEW_SendTaskList
 .text.SEGGER_SYSVIEW_SendSysDesc
                0x080029dc       0x48 ./Common/ThirdParty/SEGGER/SEGGER/SEGGER_SYSVIEW.o
                0x080029dc                SEGGER_SYSVIEW_SendSysDesc
 .text.SEGGER_SYSVIEW_RecordSystime
                0x08002a24       0x64 ./Common/ThirdParty/SEGGER/SEGGER/SEGGER_SYSVIEW.o
                0x08002a24                SEGGER_SYSVIEW_RecordSystime
 .text.SEGGER_SYSVIEW_RecordEnterISR
                0x08002a88       0x84 ./Common/ThirdParty/SEGGER/SEGGER/SEGGER_SYSVIEW.o
                0x08002a88                SEGGER_SYSVIEW_RecordEnterISR
 .text.SEGGER_SYSVIEW_RecordExitISR
                0x08002b0c       0x38 ./Common/ThirdParty/SEGGER/SEGGER/SEGGER_SYSVIEW.o
                0x08002b0c                SEGGER_SYSVIEW_RecordExitISR
 .text.SEGGER_SYSVIEW_RecordExitISRToScheduler
                0x08002b44       0x38 ./Common/ThirdParty/SEGGER/SEGGER/SEGGER_SYSVIEW.o
                0x08002b44                SEGGER_SYSVIEW_RecordExitISRToScheduler
 .text.SEGGER_SYSVIEW_OnIdle
                0x08002b7c       0x38 ./Common/ThirdParty/SEGGER/SEGGER/SEGGER_SYSVIEW.o
                0x08002b7c                SEGGER_SYSVIEW_OnIdle
 .text.SEGGER_SYSVIEW_OnTaskCreate
                0x08002bb4       0x84 ./Common/ThirdParty/SEGGER/SEGGER/SEGGER_SYSVIEW.o
                0x08002bb4                SEGGER_SYSVIEW_OnTaskCreate
 .text.SEGGER_SYSVIEW_OnTaskStartExec
                0x08002c38       0x84 ./Common/ThirdParty/SEGGER/SEGGER/SEGGER_SYSVIEW.o
                0x08002c38                SEGGER_SYSVIEW_OnTaskStartExec
 .text.SEGGER_SYSVIEW_OnTaskStartReady
                0x08002cbc       0x84 ./Common/ThirdParty/SEGGER/SEGGER/SEGGER_SYSVIEW.o
                0x08002cbc                SEGGER_SYSVIEW_OnTaskStartReady
 .text.SEGGER_SYSVIEW_SendModule
                0x08002d40      0x100 ./Common/ThirdParty/SEGGER/SEGGER/SEGGER_SYSVIEW.o
                0x08002d40                SEGGER_SYSVIEW_SendModule
 .text.SEGGER_SYSVIEW_SendModuleDescription
                0x08002e40       0x3c ./Common/ThirdParty/SEGGER/SEGGER/SEGGER_SYSVIEW.o
                0x08002e40                SEGGER_SYSVIEW_SendModuleDescription
 .text.SEGGER_SYSVIEW_SendNumModules
                0x08002e7c       0x7c ./Common/ThirdParty/SEGGER/SEGGER/SEGGER_SYSVIEW.o
                0x08002e7c                SEGGER_SYSVIEW_SendNumModules
 .text.SEGGER_SYSVIEW_Warn
                0x08002ef8       0xb8 ./Common/ThirdParty/SEGGER/SEGGER/SEGGER_SYSVIEW.o
                0x08002ef8                SEGGER_SYSVIEW_Warn
 .text.main     0x08002fb0       0xec ./Core/Src/main.o
                0x08002fb0                main
 .text.SystemClock_Config
                0x0800309c       0xd4 ./Core/Src/main.o
                0x0800309c                SystemClock_Config
 .text.MX_GPIO_Init
                0x08003170      0x2bc ./Core/Src/main.o
 .text.led_green_handler
                0x0800342c       0x24 ./Core/Src/main.o
 .text.led_red_handler
                0x08003450       0x24 ./Core/Src/main.o
 .text.led_orange_handler
                0x08003474       0x20 ./Core/Src/main.o
 .text.HAL_TIM_PeriodElapsedCallback
                0x08003494       0x24 ./Core/Src/main.o
                0x08003494                HAL_TIM_PeriodElapsedCallback
 .text.Error_Handler
                0x080034b8        0xc ./Core/Src/main.o
                0x080034b8                Error_Handler
 .text.HAL_MspInit
                0x080034c4       0x50 ./Core/Src/stm32f4xx_hal_msp.o
                0x080034c4                HAL_MspInit
 .text.HAL_InitTick
                0x08003514       0xf8 ./Core/Src/stm32f4xx_hal_timebase_tim.o
                0x08003514                HAL_InitTick
 .text.NMI_Handler
                0x0800360c        0x8 ./Core/Src/stm32f4xx_it.o
                0x0800360c                NMI_Handler
 .text.HardFault_Handler
                0x08003614        0x8 ./Core/Src/stm32f4xx_it.o
                0x08003614                HardFault_Handler
 .text.MemManage_Handler
                0x0800361c        0x8 ./Core/Src/stm32f4xx_it.o
                0x0800361c                MemManage_Handler
 .text.BusFault_Handler
                0x08003624        0x8 ./Core/Src/stm32f4xx_it.o
                0x08003624                BusFault_Handler
 .text.UsageFault_Handler
                0x0800362c        0x8 ./Core/Src/stm32f4xx_it.o
                0x0800362c                UsageFault_Handler
 .text.DebugMon_Handler
                0x08003634        0xe ./Core/Src/stm32f4xx_it.o
                0x08003634                DebugMon_Handler
 *fill*         0x08003642        0x2 
 .text.TIM6_DAC_IRQHandler
                0x08003644       0x14 ./Core/Src/stm32f4xx_it.o
                0x08003644                TIM6_DAC_IRQHandler
 .text.SystemInit
                0x08003658       0x24 ./Core/Src/system_stm32f4xx.o
                0x08003658                SystemInit
 .text.Reset_Handler
                0x0800367c       0x50 ./Core/Startup/startup_stm32f407vgtx.o
                0x0800367c                Reset_Handler
 .text.Default_Handler
                0x080036cc        0x2 ./Core/Startup/startup_stm32f407vgtx.o
                0x080036cc                RTC_Alarm_IRQHandler
                0x080036cc                HASH_RNG_IRQHandler
                0x080036cc                EXTI2_IRQHandler
                0x080036cc                TIM8_CC_IRQHandler
                0x080036cc                TIM1_CC_IRQHandler
                0x080036cc                DMA2_Stream5_IRQHandler
                0x080036cc                DMA1_Stream5_IRQHandler
                0x080036cc                PVD_IRQHandler
                0x080036cc                SDIO_IRQHandler
                0x080036cc                TAMP_STAMP_IRQHandler
                0x080036cc                CAN2_RX1_IRQHandler
                0x080036cc                EXTI3_IRQHandler
                0x080036cc                TIM8_TRG_COM_TIM14_IRQHandler
                0x080036cc                TIM1_UP_TIM10_IRQHandler
                0x080036cc                TIM8_UP_TIM13_IRQHandler
                0x080036cc                I2C3_ER_IRQHandler
                0x080036cc                EXTI0_IRQHandler
                0x080036cc                I2C2_EV_IRQHandler
                0x080036cc                DMA1_Stream2_IRQHandler
                0x080036cc                CAN1_RX0_IRQHandler
                0x080036cc                FPU_IRQHandler
                0x080036cc                OTG_HS_WKUP_IRQHandler
                0x080036cc                CAN2_SCE_IRQHandler
                0x080036cc                DMA2_Stream2_IRQHandler
                0x080036cc                SPI1_IRQHandler
                0x080036cc                TIM1_BRK_TIM9_IRQHandler
                0x080036cc                DCMI_IRQHandler
                0x080036cc                CAN2_RX0_IRQHandler
                0x080036cc                DMA2_Stream3_IRQHandler
                0x080036cc                USART6_IRQHandler
                0x080036cc                USART3_IRQHandler
                0x080036cc                CAN1_RX1_IRQHandler
                0x080036cc                UART5_IRQHandler
                0x080036cc                DMA2_Stream0_IRQHandler
                0x080036cc                TIM4_IRQHandler
                0x080036cc                I2C1_EV_IRQHandler
                0x080036cc                DMA1_Stream6_IRQHandler
                0x080036cc                DMA1_Stream1_IRQHandler
                0x080036cc                UART4_IRQHandler
                0x080036cc                TIM3_IRQHandler
                0x080036cc                RCC_IRQHandler
                0x080036cc                TIM8_BRK_TIM12_IRQHandler
                0x080036cc                Default_Handler
                0x080036cc                EXTI15_10_IRQHandler
                0x080036cc                ADC_IRQHandler
                0x080036cc                DMA1_Stream7_IRQHandler
                0x080036cc                TIM7_IRQHandler
                0x080036cc                CAN2_TX_IRQHandler
                0x080036cc                TIM5_IRQHandler
                0x080036cc                DMA2_Stream7_IRQHandler
                0x080036cc                I2C3_EV_IRQHandler
                0x080036cc                EXTI9_5_IRQHandler
                0x080036cc                RTC_WKUP_IRQHandler
                0x080036cc                ETH_WKUP_IRQHandler
                0x080036cc                SPI2_IRQHandler
                0x080036cc                OTG_HS_EP1_IN_IRQHandler
                0x080036cc                DMA1_Stream0_IRQHandler
                0x080036cc                CAN1_TX_IRQHandler
                0x080036cc                EXTI4_IRQHandler
                0x080036cc                FSMC_IRQHandler
                0x080036cc                ETH_IRQHandler
                0x080036cc                OTG_HS_EP1_OUT_IRQHandler
                0x080036cc                WWDG_IRQHandler
                0x080036cc                TIM2_IRQHandler
                0x080036cc                OTG_FS_WKUP_IRQHandler
                0x080036cc                TIM1_TRG_COM_TIM11_IRQHandler
                0x080036cc                OTG_HS_IRQHandler
                0x080036cc                EXTI1_IRQHandler
                0x080036cc                USART2_IRQHandler
                0x080036cc                I2C2_ER_IRQHandler
                0x080036cc                DMA2_Stream1_IRQHandler
                0x080036cc                CAN1_SCE_IRQHandler
                0x080036cc                FLASH_IRQHandler
                0x080036cc                DMA2_Stream4_IRQHandler
                0x080036cc                USART1_IRQHandler
                0x080036cc                OTG_FS_IRQHandler
                0x080036cc                SPI3_IRQHandler
                0x080036cc                DMA1_Stream4_IRQHandler
                0x080036cc                I2C1_ER_IRQHandler
                0x080036cc                DMA2_Stream6_IRQHandler
                0x080036cc                DMA1_Stream3_IRQHandler
 *fill*         0x080036ce        0x2 
 .text.HAL_Init
                0x080036d0       0x44 ./Drivers/STM32F4xx_HAL_Driver/Src/stm32f4xx_hal.o
                0x080036d0                HAL_Init
 .text.HAL_IncTick
                0x08003714       0x28 ./Drivers/STM32F4xx_HAL_Driver/Src/stm32f4xx_hal.o
                0x08003714                HAL_IncTick
 .text.HAL_GetTick
                0x0800373c       0x18 ./Drivers/STM32F4xx_HAL_Driver/Src/stm32f4xx_hal.o
                0x0800373c                HAL_GetTick
 .text.HAL_Delay
                0x08003754       0x48 ./Drivers/STM32F4xx_HAL_Driver/Src/stm32f4xx_hal.o
                0x08003754                HAL_Delay
 .text.__NVIC_SetPriorityGrouping
                0x0800379c       0x48 ./Drivers/STM32F4xx_HAL_Driver/Src/stm32f4xx_hal_cortex.o
 .text.__NVIC_GetPriorityGrouping
                0x080037e4       0x1c ./Drivers/STM32F4xx_HAL_Driver/Src/stm32f4xx_hal_cortex.o
 .text.__NVIC_EnableIRQ
                0x08003800       0x3c ./Drivers/STM32F4xx_HAL_Driver/Src/stm32f4xx_hal_cortex.o
 .text.__NVIC_SetPriority
                0x0800383c       0x54 ./Drivers/STM32F4xx_HAL_Driver/Src/stm32f4xx_hal_cortex.o
 .text.NVIC_EncodePriority
                0x08003890       0x66 ./Drivers/STM32F4xx_HAL_Driver/Src/stm32f4xx_hal_cortex.o
 .text.HAL_NVIC_SetPriorityGrouping
                0x080038f6       0x16 ./Drivers/STM32F4xx_HAL_Driver/Src/stm32f4xx_hal_cortex.o
                0x080038f6                HAL_NVIC_SetPriorityGrouping
 .text.HAL_NVIC_SetPriority
                0x0800390c       0x38 ./Drivers/STM32F4xx_HAL_Driver/Src/stm32f4xx_hal_cortex.o
                0x0800390c                HAL_NVIC_SetPriority
 .text.HAL_NVIC_EnableIRQ
                0x08003944       0x1c ./Drivers/STM32F4xx_HAL_Driver/Src/stm32f4xx_hal_cortex.o
                0x08003944                HAL_NVIC_EnableIRQ
 .text.HAL_GPIO_Init
                0x08003960      0x338 ./Drivers/STM32F4xx_HAL_Driver/Src/stm32f4xx_hal_gpio.o
                0x08003960                HAL_GPIO_Init
 .text.HAL_GPIO_WritePin
                0x08003c98       0x32 ./Drivers/STM32F4xx_HAL_Driver/Src/stm32f4xx_hal_gpio.o
                0x08003c98                HAL_GPIO_WritePin
 .text.HAL_GPIO_TogglePin
                0x08003cca       0x34 ./Drivers/STM32F4xx_HAL_Driver/Src/stm32f4xx_hal_gpio.o
                0x08003cca                HAL_GPIO_TogglePin
 *fill*         0x08003cfe        0x2 
 .text.HAL_RCC_OscConfig
                0x08003d00      0x4f0 ./Drivers/STM32F4xx_HAL_Driver/Src/stm32f4xx_hal_rcc.o
                0x08003d00                HAL_RCC_OscConfig
 .text.HAL_RCC_ClockConfig
                0x080041f0      0x1cc ./Drivers/STM32F4xx_HAL_Driver/Src/stm32f4xx_hal_rcc.o
                0x080041f0                HAL_RCC_ClockConfig
 .text.HAL_RCC_GetSysClockFreq
                0x080043bc      0x20c ./Drivers/STM32F4xx_HAL_Driver/Src/stm32f4xx_hal_rcc.o
                0x080043bc                HAL_RCC_GetSysClockFreq
 .text.HAL_RCC_GetHCLKFreq
                0x080045c8       0x18 ./Drivers/STM32F4xx_HAL_Driver/Src/stm32f4xx_hal_rcc.o
                0x080045c8                HAL_RCC_GetHCLKFreq
 .text.HAL_RCC_GetPCLK1Freq
                0x080045e0       0x28 ./Drivers/STM32F4xx_HAL_Driver/Src/stm32f4xx_hal_rcc.o
                0x080045e0                HAL_RCC_GetPCLK1Freq
 .text.HAL_RCC_GetClockConfig
                0x08004608       0x64 ./Drivers/STM32F4xx_HAL_Driver/Src/stm32f4xx_hal_rcc.o
                0x08004608                HAL_RCC_GetClockConfig
 .text.HAL_TIM_Base_Init
                0x0800466c       0x9e ./Drivers/STM32F4xx_HAL_Driver/Src/stm32f4xx_hal_tim.o
                0x0800466c                HAL_TIM_Base_Init
 .text.HAL_TIM_Base_MspInit
                0x0800470a       0x14 ./Drivers/STM32F4xx_HAL_Driver/Src/stm32f4xx_hal_tim.o
                0x0800470a                HAL_TIM_Base_MspInit
 *fill*         0x0800471e        0x2 
 .text.HAL_TIM_Base_Start_IT
                0x08004720       0xe0 ./Drivers/STM32F4xx_HAL_Driver/Src/stm32f4xx_hal_tim.o
                0x08004720                HAL_TIM_Base_Start_IT
 .text.HAL_TIM_IRQHandler
                0x08004800      0x1e0 ./Drivers/STM32F4xx_HAL_Driver/Src/stm32f4xx_hal_tim.o
                0x08004800                HAL_TIM_IRQHandler
 .text.HAL_TIM_OC_DelayElapsedCallback
                0x080049e0       0x14 ./Drivers/STM32F4xx_HAL_Driver/Src/stm32f4xx_hal_tim.o
                0x080049e0                HAL_TIM_OC_DelayElapsedCallback
 .text.HAL_TIM_IC_CaptureCallback
                0x080049f4       0x14 ./Drivers/STM32F4xx_HAL_Driver/Src/stm32f4xx_hal_tim.o
                0x080049f4                HAL_TIM_IC_CaptureCallback
 .text.HAL_TIM_PWM_PulseFinishedCallback
                0x08004a08       0x14 ./Drivers/STM32F4xx_HAL_Driver/Src/stm32f4xx_hal_tim.o
                0x08004a08                HAL_TIM_PWM_PulseFinishedCallback
 .text.HAL_TIM_TriggerCallback
                0x08004a1c       0x14 ./Drivers/STM32F4xx_HAL_Driver/Src/stm32f4xx_hal_tim.o
                0x08004a1c                HAL_TIM_TriggerCallback
 .text.TIM_Base_SetConfig
                0x08004a30      0x14c ./Drivers/STM32F4xx_HAL_Driver/Src/stm32f4xx_hal_tim.o
                0x08004a30                TIM_Base_SetConfig
 .text.HAL_TIMEx_CommutCallback
                0x08004b7c       0x14 ./Drivers/STM32F4xx_HAL_Driver/Src/stm32f4xx_hal_tim_ex.o
                0x08004b7c                HAL_TIMEx_CommutCallback
 .text.HAL_TIMEx_BreakCallback
                0x08004b90       0x14 ./Drivers/STM32F4xx_HAL_Driver/Src/stm32f4xx_hal_tim_ex.o
                0x08004b90                HAL_TIMEx_BreakCallback
 .text.memcmp   0x08004ba4       0x20 C:/ST/STM32CubeIDE_1.19.0/STM32CubeIDE/plugins/com.st.stm32cube.ide.mcu.externaltools.gnu-tools-for-stm32.13.3.rel1.win32_1.0.0.202411081344/tools/bin/../lib/gcc/arm-none-eabi/13.3.1/../../../../arm-none-eabi/lib/thumb/v7e-m+fp/hard\libc_nano.a(libc_a-memcmp.o)
                0x08004ba4                memcmp
 .text.memset   0x08004bc4       0x10 C:/ST/STM32CubeIDE_1.19.0/STM32CubeIDE/plugins/com.st.stm32cube.ide.mcu.externaltools.gnu-tools-for-stm32.13.3.rel1.win32_1.0.0.202411081344/tools/bin/../lib/gcc/arm-none-eabi/13.3.1/../../../../arm-none-eabi/lib/thumb/v7e-m+fp/hard\libc_nano.a(libc_a-memset.o)
                0x08004bc4                memset
 .text.__libc_init_array
                0x08004bd4       0x48 C:/ST/STM32CubeIDE_1.19.0/STM32CubeIDE/plugins/com.st.stm32cube.ide.mcu.externaltools.gnu-tools-for-stm32.13.3.rel1.win32_1.0.0.202411081344/tools/bin/../lib/gcc/arm-none-eabi/13.3.1/../../../../arm-none-eabi/lib/thumb/v7e-m+fp/hard\libc_nano.a(libc_a-init.o)
                0x08004bd4                __libc_init_array
 .text.memcpy   0x08004c1c       0x1c C:/ST/STM32CubeIDE_1.19.0/STM32CubeIDE/plugins/com.st.stm32cube.ide.mcu.externaltools.gnu-tools-for-stm32.13.3.rel1.win32_1.0.0.202411081344/tools/bin/../lib/gcc/arm-none-eabi/13.3.1/../../../../arm-none-eabi/lib/thumb/v7e-m+fp/hard\libc_nano.a(libc_a-memcpy-stub.o)
                0x08004c1c                memcpy
 *(.glue_7)
 .glue_7        0x08004c38        0x0 linker stubs
 *(.glue_7t)
 .glue_7t       0x08004c38        0x0 linker stubs
 *(.eh_frame)
 .eh_frame      0x08004c38        0x0 C:/ST/STM32CubeIDE_1.19.0/STM32CubeIDE/plugins/com.st.stm32cube.ide.mcu.externaltools.gnu-tools-for-stm32.13.3.rel1.win32_1.0.0.202411081344/tools/bin/../lib/gcc/arm-none-eabi/13.3.1/thumb/v7e-m+fp/hard/crtbegin.o
 *(.init)
 .init          0x08004c38        0x4 C:/ST/STM32CubeIDE_1.19.0/STM32CubeIDE/plugins/com.st.stm32cube.ide.mcu.externaltools.gnu-tools-for-stm32.13.3.rel1.win32_1.0.0.202411081344/tools/bin/../lib/gcc/arm-none-eabi/13.3.1/thumb/v7e-m+fp/hard/crti.o
                0x08004c38                _init
 .init          0x08004c3c        0x8 C:/ST/STM32CubeIDE_1.19.0/STM32CubeIDE/plugins/com.st.stm32cube.ide.mcu.externaltools.gnu-tools-for-stm32.13.3.rel1.win32_1.0.0.202411081344/tools/bin/../lib/gcc/arm-none-eabi/13.3.1/thumb/v7e-m+fp/hard/crtn.o
 *(.fini)
 .fini          0x08004c44        0x4 C:/ST/STM32CubeIDE_1.19.0/STM32CubeIDE/plugins/com.st.stm32cube.ide.mcu.externaltools.gnu-tools-for-stm32.13.3.rel1.win32_1.0.0.202411081344/tools/bin/../lib/gcc/arm-none-eabi/13.3.1/thumb/v7e-m+fp/hard/crti.o
                0x08004c44                _fini
 .fini          0x08004c48        0x8 C:/ST/STM32CubeIDE_1.19.0/STM32CubeIDE/plugins/com.st.stm32cube.ide.mcu.externaltools.gnu-tools-for-stm32.13.3.rel1.win32_1.0.0.202411081344/tools/bin/../lib/gcc/arm-none-eabi/13.3.1/thumb/v7e-m+fp/hard/crtn.o
                0x08004c50                        . = ALIGN (0x4)
                0x08004c50                        _etext = .

.vfp11_veneer   0x08004c50        0x0
 .vfp11_veneer  0x08004c50        0x0 linker stubs

.v4_bx          0x08004c50        0x0
 .v4_bx         0x08004c50        0x0 linker stubs

.iplt           0x08004c50        0x0
 .iplt          0x08004c50        0x0 C:/ST/STM32CubeIDE_1.19.0/STM32CubeIDE/plugins/com.st.stm32cube.ide.mcu.externaltools.gnu-tools-for-stm32.13.3.rel1.win32_1.0.0.202411081344/tools/bin/../lib/gcc/arm-none-eabi/13.3.1/thumb/v7e-m+fp/hard/crtbegin.o

.rodata         0x08004c50      0x12c
                0x08004c50                        . = ALIGN (0x4)
 *(.rodata)
 .rodata        0x08004c50        0x5 ./Common/ThirdParty/FreeRTOS/tasks.o
 *fill*         0x08004c55        0x3 
 .rodata        0x08004c58       0x51 ./Common/ThirdParty/SEGGER/Config/SEGGER_SYSVIEW_Config_FreeRTOS.o
 *fill*         0x08004ca9        0x3 
 .rodata        0x08004cac       0x58 ./Common/ThirdParty/SEGGER/OS/SEGGER_SYSVIEW_FreeRTOS.o
 .rodata        0x08004d04       0x17 ./Common/ThirdParty/SEGGER/SEGGER/SEGGER_RTT.o
 *fill*         0x08004d1b        0x1 
 .rodata        0x08004d1c        0x8 ./Common/ThirdParty/SEGGER/SEGGER/SEGGER_SYSVIEW.o
 .rodata        0x08004d24       0x2a ./Core/Src/main.o
 *(.rodata*)
 *fill*         0x08004d4e        0x2 
 .rodata.SYSVIEW_X_OS_TraceAPI
                0x08004d50        0x8 ./Common/ThirdParty/SEGGER/OS/SEGGER_SYSVIEW_FreeRTOS.o
                0x08004d50                SYSVIEW_X_OS_TraceAPI
 .rodata._abSync
                0x08004d58        0xa ./Common/ThirdParty/SEGGER/SEGGER/SEGGER_SYSVIEW.o
 *fill*         0x08004d62        0x2 
 .rodata.AHBPrescTable
                0x08004d64       0x10 ./Core/Src/system_stm32f4xx.o
                0x08004d64                AHBPrescTable
 .rodata.APBPrescTable
                0x08004d74        0x8 ./Core/Src/system_stm32f4xx.o
                0x08004d74                APBPrescTable
                0x08004d7c                        . = ALIGN (0x4)

.ARM.extab      0x08004d7c        0x0
                0x08004d7c                        . = ALIGN (0x4)
 *(.ARM.extab* .gnu.linkonce.armextab.*)
                0x08004d7c                        . = ALIGN (0x4)

.ARM            0x08004d7c        0x8
                0x08004d7c                        . = ALIGN (0x4)
                0x08004d7c                        __exidx_start = .
 *(.ARM.exidx*)
 .ARM.exidx     0x08004d7c        0x8 C:/ST/STM32CubeIDE_1.19.0/STM32CubeIDE/plugins/com.st.stm32cube.ide.mcu.externaltools.gnu-tools-for-stm32.13.3.rel1.win32_1.0.0.202411081344/tools/bin/../lib/gcc/arm-none-eabi/13.3.1/thumb/v7e-m+fp/hard\libgcc.a(_udivmoddi4.o)
                0x08004d84                        __exidx_end = .
                0x08004d84                        . = ALIGN (0x4)

.preinit_array  0x08004d84        0x0
                0x08004d84                        . = ALIGN (0x4)
                0x08004d84                        PROVIDE (__preinit_array_start = .)
 *(.preinit_array*)
                0x08004d84                        PROVIDE (__preinit_array_end = .)
                0x08004d84                        . = ALIGN (0x4)

.init_array     0x08004d84        0x4
                0x08004d84                        . = ALIGN (0x4)
                0x08004d84                        PROVIDE (__init_array_start = .)
 *(SORT_BY_NAME(.init_array.*))
 *(.init_array*)
 .init_array    0x08004d84        0x4 C:/ST/STM32CubeIDE_1.19.0/STM32CubeIDE/plugins/com.st.stm32cube.ide.mcu.externaltools.gnu-tools-for-stm32.13.3.rel1.win32_1.0.0.202411081344/tools/bin/../lib/gcc/arm-none-eabi/13.3.1/thumb/v7e-m+fp/hard/crtbegin.o
                0x08004d88                        PROVIDE (__init_array_end = .)
                0x08004d88                        . = ALIGN (0x4)

.fini_array     0x08004d88        0x4
                0x08004d88                        . = ALIGN (0x4)
                [!provide]                        PROVIDE (__fini_array_start = .)
 *(SORT_BY_NAME(.fini_array.*))
 *(.fini_array*)
 .fini_array    0x08004d88        0x4 C:/ST/STM32CubeIDE_1.19.0/STM32CubeIDE/plugins/com.st.stm32cube.ide.mcu.externaltools.gnu-tools-for-stm32.13.3.rel1.win32_1.0.0.202411081344/tools/bin/../lib/gcc/arm-none-eabi/13.3.1/thumb/v7e-m+fp/hard/crtbegin.o
                [!provide]                        PROVIDE (__fini_array_end = .)
                0x08004d8c                        . = ALIGN (0x4)
                0x08004d8c                        _sidata = LOADADDR (.data)

.rel.dyn        0x08004d8c        0x0
 .rel.iplt      0x08004d8c        0x0 C:/ST/STM32CubeIDE_1.19.0/STM32CubeIDE/plugins/com.st.stm32cube.ide.mcu.externaltools.gnu-tools-for-stm32.13.3.rel1.win32_1.0.0.202411081344/tools/bin/../lib/gcc/arm-none-eabi/13.3.1/thumb/v7e-m+fp/hard/crtbegin.o

.data           0x20000000       0x10 load address 0x08004d8c
                0x20000000                        . = ALIGN (0x4)
                0x20000000                        _sdata = .
 *(.data)
 *(.data*)
 .data.uxCriticalNesting
                0x20000000        0x4 ./Common/ThirdParty/FreeRTOS/portable/GCC/ARM_CM4F/port.o
 .data.SystemCoreClock
                0x20000004        0x4 ./Core/Src/system_stm32f4xx.o
                0x20000004                SystemCoreClock
 .data.uwTickPrio
                0x20000008        0x4 ./Drivers/STM32F4xx_HAL_Driver/Src/stm32f4xx_hal.o
                0x20000008                uwTickPrio
 .data.uwTickFreq
                0x2000000c        0x1 ./Drivers/STM32F4xx_HAL_Driver/Src/stm32f4xx_hal.o
                0x2000000c                uwTickFreq
 *(.RamFunc)
 *(.RamFunc*)
                0x20000010                        . = ALIGN (0x4)
 *fill*         0x2000000d        0x3 
                0x20000010                        _edata = .
                0x08004d9c                        _siccmram = LOADADDR (.ccmram)

.igot.plt       0x20000010        0x0 load address 0x08004d9c
 .igot.plt      0x20000010        0x0 C:/ST/STM32CubeIDE_1.19.0/STM32CubeIDE/plugins/com.st.stm32cube.ide.mcu.externaltools.gnu-tools-for-stm32.13.3.rel1.win32_1.0.0.202411081344/tools/bin/../lib/gcc/arm-none-eabi/13.3.1/thumb/v7e-m+fp/hard/crtbegin.o

.ccmram         0x10000000        0x0 load address 0x08004d9c
                0x10000000                        . = ALIGN (0x4)
                0x10000000                        _sccmram = .
 *(.ccmram)
 *(.ccmram*)
                0x10000000                        . = ALIGN (0x4)
                0x10000000                        _eccmram = .
                0x10000000                        . = ALIGN (0x4)

.bss            0x20000010    0x14404
                0x20000010                        _sbss = .
                0x20000010                        __bss_start__ = _sbss
 *(.bss)
 .bss           0x20000010       0x1c C:/ST/STM32CubeIDE_1.19.0/STM32CubeIDE/plugins/com.st.stm32cube.ide.mcu.externaltools.gnu-tools-for-stm32.13.3.rel1.win32_1.0.0.202411081344/tools/bin/../lib/gcc/arm-none-eabi/13.3.1/thumb/v7e-m+fp/hard/crtbegin.o
 *(.bss*)
 .bss.pxCurrentTCB
                0x2000002c        0x4 ./Common/ThirdParty/FreeRTOS/tasks.o
                0x2000002c                pxCurrentTCB
 .bss.pxReadyTasksLists
                0x20000030       0x64 ./Common/ThirdParty/FreeRTOS/tasks.o
 .bss.xDelayedTaskList1
                0x20000094       0x14 ./Common/ThirdParty/FreeRTOS/tasks.o
 .bss.xDelayedTaskList2
                0x200000a8       0x14 ./Common/ThirdParty/FreeRTOS/tasks.o
 .bss.pxDelayedTaskList
                0x200000bc        0x4 ./Common/ThirdParty/FreeRTOS/tasks.o
 .bss.pxOverflowDelayedTaskList
                0x200000c0        0x4 ./Common/ThirdParty/FreeRTOS/tasks.o
 .bss.xPendingReadyList
                0x200000c4       0x14 ./Common/ThirdParty/FreeRTOS/tasks.o
 .bss.xTasksWaitingTermination
                0x200000d8       0x14 ./Common/ThirdParty/FreeRTOS/tasks.o
 .bss.uxDeletedTasksWaitingCleanUp
                0x200000ec        0x4 ./Common/ThirdParty/FreeRTOS/tasks.o
 .bss.xSuspendedTaskList
                0x200000f0       0x14 ./Common/ThirdParty/FreeRTOS/tasks.o
 .bss.uxCurrentNumberOfTasks
                0x20000104        0x4 ./Common/ThirdParty/FreeRTOS/tasks.o
 .bss.xTickCount
                0x20000108        0x2 ./Common/ThirdParty/FreeRTOS/tasks.o
 *fill*         0x2000010a        0x2 
 .bss.uxTopReadyPriority
                0x2000010c        0x4 ./Common/ThirdParty/FreeRTOS/tasks.o
 .bss.xSchedulerRunning
                0x20000110        0x4 ./Common/ThirdParty/FreeRTOS/tasks.o
 .bss.uxPendedTicks
                0x20000114        0x4 ./Common/ThirdParty/FreeRTOS/tasks.o
 .bss.xYieldPending
                0x20000118        0x4 ./Common/ThirdParty/FreeRTOS/tasks.o
 .bss.xNumOfOverflows
                0x2000011c        0x4 ./Common/ThirdParty/FreeRTOS/tasks.o
 .bss.uxTaskNumber
                0x20000120        0x4 ./Common/ThirdParty/FreeRTOS/tasks.o
 .bss.xNextTaskUnblockTime
                0x20000124        0x2 ./Common/ThirdParty/FreeRTOS/tasks.o
 *fill*         0x20000126        0x2 
 .bss.xIdleTaskHandle
                0x20000128        0x4 ./Common/ThirdParty/FreeRTOS/tasks.o
 .bss.uxSchedulerSuspended
                0x2000012c        0x4 ./Common/ThirdParty/FreeRTOS/tasks.o
 .bss.ucMaxSysCallPriority
                0x20000130        0x1 ./Common/ThirdParty/FreeRTOS/portable/GCC/ARM_CM4F/port.o
 *fill*         0x20000131        0x3 
 .bss.ulMaxPRIGROUPValue
                0x20000134        0x4 ./Common/ThirdParty/FreeRTOS/portable/GCC/ARM_CM4F/port.o
 .bss.ucHeap    0x20000138    0x12c00 ./Common/ThirdParty/FreeRTOS/portable/MemMang/heap_4.o
 .bss.xStart    0x20012d38        0x8 ./Common/ThirdParty/FreeRTOS/portable/MemMang/heap_4.o
 .bss.pxEnd     0x20012d40        0x4 ./Common/ThirdParty/FreeRTOS/portable/MemMang/heap_4.o
 .bss.xFreeBytesRemaining
                0x20012d44        0x4 ./Common/ThirdParty/FreeRTOS/portable/MemMang/heap_4.o
 .bss.xMinimumEverFreeBytesRemaining
                0x20012d48        0x4 ./Common/ThirdParty/FreeRTOS/portable/MemMang/heap_4.o
 .bss.xBlockAllocatedBit
                0x20012d4c        0x4 ./Common/ThirdParty/FreeRTOS/portable/MemMang/heap_4.o
 .bss._aTasks   0x20012d50       0xa0 ./Common/ThirdParty/SEGGER/OS/SEGGER_SYSVIEW_FreeRTOS.o
 .bss._NumTasks
                0x20012df0        0x4 ./Common/ThirdParty/SEGGER/OS/SEGGER_SYSVIEW_FreeRTOS.o
 .bss._SEGGER_RTT
                0x20012df4       0xa8 ./Common/ThirdParty/SEGGER/SEGGER/SEGGER_RTT.o
                0x20012df4                _SEGGER_RTT
 .bss._acUpBuffer
                0x20012e9c      0x400 ./Common/ThirdParty/SEGGER/SEGGER/SEGGER_RTT.o
 .bss._acDownBuffer
                0x2001329c       0x10 ./Common/ThirdParty/SEGGER/SEGGER/SEGGER_RTT.o
 .bss._UpBuffer
                0x200132ac     0x1000 ./Common/ThirdParty/SEGGER/SEGGER/SEGGER_SYSVIEW.o
 .bss._DownBuffer
                0x200142ac        0x8 ./Common/ThirdParty/SEGGER/SEGGER/SEGGER_SYSVIEW.o
 .bss._SYSVIEW_Globals
                0x200142b4       0x28 ./Common/ThirdParty/SEGGER/SEGGER/SEGGER_SYSVIEW.o
 .bss._pFirstModule
                0x200142dc        0x4 ./Common/ThirdParty/SEGGER/SEGGER/SEGGER_SYSVIEW.o
 .bss._NumModules
                0x200142e0        0x1 ./Common/ThirdParty/SEGGER/SEGGER/SEGGER_SYSVIEW.o
 *fill*         0x200142e1        0x3 
 .bss._aPacket  0x200142e4       0xe3 ./Common/ThirdParty/SEGGER/SEGGER/SEGGER_SYSVIEW.o
 *fill*         0x200143c7        0x1 
 .bss.htim6     0x200143c8       0x48 ./Core/Src/stm32f4xx_hal_timebase_tim.o
                0x200143c8                htim6
 .bss.uwTick    0x20014410        0x4 ./Drivers/STM32F4xx_HAL_Driver/Src/stm32f4xx_hal.o
                0x20014410                uwTick
 *(COMMON)
                0x20014414                        . = ALIGN (0x4)
                0x20014414                        _ebss = .
                0x20014414                        __bss_end__ = _ebss

._user_heap_stack
                0x20014414      0x604
                0x20014418                        . = ALIGN (0x8)
 *fill*         0x20014414        0x4 
                0x20014418                        PROVIDE (end = .)
                [!provide]                        PROVIDE (_end = .)
                0x20014618                        . = (. + _Min_Heap_Size)
 *fill*         0x20014418      0x200 
                0x20014a18                        . = (. + _Min_Stack_Size)
 *fill*         0x20014618      0x400 
                0x20014a18                        . = ALIGN (0x8)

/DISCARD/
 libc.a(*)
 libm.a(*)
 libgcc.a(*)

.ARM.attributes
                0x00000000       0x30
 *(.ARM.attributes)
 .ARM.attributes
                0x00000000       0x22 C:/ST/STM32CubeIDE_1.19.0/STM32CubeIDE/plugins/com.st.stm32cube.ide.mcu.externaltools.gnu-tools-for-stm32.13.3.rel1.win32_1.0.0.202411081344/tools/bin/../lib/gcc/arm-none-eabi/13.3.1/thumb/v7e-m+fp/hard/crti.o
 .ARM.attributes
                0x00000022       0x34 C:/ST/STM32CubeIDE_1.19.0/STM32CubeIDE/plugins/com.st.stm32cube.ide.mcu.externaltools.gnu-tools-for-stm32.13.3.rel1.win32_1.0.0.202411081344/tools/bin/../lib/gcc/arm-none-eabi/13.3.1/thumb/v7e-m+fp/hard/crtbegin.o
 .ARM.attributes
                0x00000056       0x34 ./Common/ThirdParty/FreeRTOS/list.o
 .ARM.attributes
                0x0000008a       0x34 ./Common/ThirdParty/FreeRTOS/tasks.o
 .ARM.attributes
                0x000000be       0x34 ./Common/ThirdParty/FreeRTOS/portable/GCC/ARM_CM4F/port.o
 .ARM.attributes
                0x000000f2       0x34 ./Common/ThirdParty/FreeRTOS/portable/MemMang/heap_4.o
 .ARM.attributes
                0x00000126       0x34 ./Common/ThirdParty/SEGGER/Config/SEGGER_SYSVIEW_Config_FreeRTOS.o
 .ARM.attributes
                0x0000015a       0x34 ./Common/ThirdParty/SEGGER/OS/SEGGER_SYSVIEW_FreeRTOS.o
 .ARM.attributes
                0x0000018e       0x34 ./Common/ThirdParty/SEGGER/SEGGER/SEGGER_RTT.o
 .ARM.attributes
                0x000001c2       0x20 ./Common/ThirdParty/SEGGER/SEGGER/SEGGER_RTT_ASM_ARMv7M.o
 .ARM.attributes
                0x000001e2       0x34 ./Common/ThirdParty/SEGGER/SEGGER/SEGGER_SYSVIEW.o
 .ARM.attributes
                0x00000216       0x34 ./Core/Src/main.o
 .ARM.attributes
                0x0000024a       0x34 ./Core/Src/stm32f4xx_hal_msp.o
 .ARM.attributes
                0x0000027e       0x34 ./Core/Src/stm32f4xx_hal_timebase_tim.o
 .ARM.attributes
                0x000002b2       0x34 ./Core/Src/stm32f4xx_it.o
 .ARM.attributes
                0x000002e6       0x34 ./Core/Src/system_stm32f4xx.o
 .ARM.attributes
                0x0000031a       0x21 ./Core/Startup/startup_stm32f407vgtx.o
 .ARM.attributes
                0x0000033b       0x34 ./Drivers/STM32F4xx_HAL_Driver/Src/stm32f4xx_hal.o
 .ARM.attributes
                0x0000036f       0x34 ./Drivers/STM32F4xx_HAL_Driver/Src/stm32f4xx_hal_cortex.o
 .ARM.attributes
                0x000003a3       0x34 ./Drivers/STM32F4xx_HAL_Driver/Src/stm32f4xx_hal_gpio.o
 .ARM.attributes
                0x000003d7       0x34 ./Drivers/STM32F4xx_HAL_Driver/Src/stm32f4xx_hal_rcc.o
 .ARM.attributes
                0x0000040b       0x34 ./Drivers/STM32F4xx_HAL_Driver/Src/stm32f4xx_hal_tim.o
 .ARM.attributes
                0x0000043f       0x34 ./Drivers/STM32F4xx_HAL_Driver/Src/stm32f4xx_hal_tim_ex.o
 .ARM.attributes
                0x00000473       0x34 C:/ST/STM32CubeIDE_1.19.0/STM32CubeIDE/plugins/com.st.stm32cube.ide.mcu.externaltools.gnu-tools-for-stm32.13.3.rel1.win32_1.0.0.202411081344/tools/bin/../lib/gcc/arm-none-eabi/13.3.1/../../../../arm-none-eabi/lib/thumb/v7e-m+fp/hard\libc_nano.a(libc_a-memcmp.o)
 .ARM.attributes
                0x000004a7       0x34 C:/ST/STM32CubeIDE_1.19.0/STM32CubeIDE/plugins/com.st.stm32cube.ide.mcu.externaltools.gnu-tools-for-stm32.13.3.rel1.win32_1.0.0.202411081344/tools/bin/../lib/gcc/arm-none-eabi/13.3.1/../../../../arm-none-eabi/lib/thumb/v7e-m+fp/hard\libc_nano.a(libc_a-memset.o)
 .ARM.attributes
                0x000004db       0x34 C:/ST/STM32CubeIDE_1.19.0/STM32CubeIDE/plugins/com.st.stm32cube.ide.mcu.externaltools.gnu-tools-for-stm32.13.3.rel1.win32_1.0.0.202411081344/tools/bin/../lib/gcc/arm-none-eabi/13.3.1/../../../../arm-none-eabi/lib/thumb/v7e-m+fp/hard\libc_nano.a(libc_a-init.o)
 .ARM.attributes
                0x0000050f       0x34 C:/ST/STM32CubeIDE_1.19.0/STM32CubeIDE/plugins/com.st.stm32cube.ide.mcu.externaltools.gnu-tools-for-stm32.13.3.rel1.win32_1.0.0.202411081344/tools/bin/../lib/gcc/arm-none-eabi/13.3.1/../../../../arm-none-eabi/lib/thumb/v7e-m+fp/hard\libc_nano.a(libc_a-memcpy-stub.o)
 .ARM.attributes
                0x00000543       0x22 C:/ST/STM32CubeIDE_1.19.0/STM32CubeIDE/plugins/com.st.stm32cube.ide.mcu.externaltools.gnu-tools-for-stm32.13.3.rel1.win32_1.0.0.202411081344/tools/bin/../lib/gcc/arm-none-eabi/13.3.1/thumb/v7e-m+fp/hard\libgcc.a(_aeabi_uldivmod.o)
 .ARM.attributes
                0x00000565       0x34 C:/ST/STM32CubeIDE_1.19.0/STM32CubeIDE/plugins/com.st.stm32cube.ide.mcu.externaltools.gnu-tools-for-stm32.13.3.rel1.win32_1.0.0.202411081344/tools/bin/../lib/gcc/arm-none-eabi/13.3.1/thumb/v7e-m+fp/hard\libgcc.a(_udivmoddi4.o)
 .ARM.attributes
                0x00000599       0x22 C:/ST/STM32CubeIDE_1.19.0/STM32CubeIDE/plugins/com.st.stm32cube.ide.mcu.externaltools.gnu-tools-for-stm32.13.3.rel1.win32_1.0.0.202411081344/tools/bin/../lib/gcc/arm-none-eabi/13.3.1/thumb/v7e-m+fp/hard\libgcc.a(_dvmd_tls.o)
 .ARM.attributes
                0x000005bb       0x22 C:/ST/STM32CubeIDE_1.19.0/STM32CubeIDE/plugins/com.st.stm32cube.ide.mcu.externaltools.gnu-tools-for-stm32.13.3.rel1.win32_1.0.0.202411081344/tools/bin/../lib/gcc/arm-none-eabi/13.3.1/thumb/v7e-m+fp/hard/crtn.o
OUTPUT(002_LED_Tasks.elf elf32-littlearm)
LOAD linker stubs
LOAD C:/ST/STM32CubeIDE_1.19.0/STM32CubeIDE/plugins/com.st.stm32cube.ide.mcu.externaltools.gnu-tools-for-stm32.13.3.rel1.win32_1.0.0.202411081344/tools/bin/../lib/gcc/arm-none-eabi/13.3.1/../../../../arm-none-eabi/lib/thumb/v7e-m+fp/hard\libc.a
LOAD C:/ST/STM32CubeIDE_1.19.0/STM32CubeIDE/plugins/com.st.stm32cube.ide.mcu.externaltools.gnu-tools-for-stm32.13.3.rel1.win32_1.0.0.202411081344/tools/bin/../lib/gcc/arm-none-eabi/13.3.1/../../../../arm-none-eabi/lib/thumb/v7e-m+fp/hard\libm.a
LOAD C:/ST/STM32CubeIDE_1.19.0/STM32CubeIDE/plugins/com.st.stm32cube.ide.mcu.externaltools.gnu-tools-for-stm32.13.3.rel1.win32_1.0.0.202411081344/tools/bin/../lib/gcc/arm-none-eabi/13.3.1/thumb/v7e-m+fp/hard\libgcc.a

.debug_info     0x00000000    0x108e4
 .debug_info    0x00000000      0x2af ./Common/ThirdParty/FreeRTOS/list.o
 .debug_info    0x000002af     0x1ff3 ./Common/ThirdParty/FreeRTOS/tasks.o
 .debug_info    0x000022a2      0x5dd ./Common/ThirdParty/FreeRTOS/portable/GCC/ARM_CM4F/port.o
 .debug_info    0x0000287f      0x3c5 ./Common/ThirdParty/FreeRTOS/portable/MemMang/heap_4.o
 .debug_info    0x00002c44      0x173 ./Common/ThirdParty/SEGGER/Config/SEGGER_SYSVIEW_Config_FreeRTOS.o
 .debug_info    0x00002db7      0x411 ./Common/ThirdParty/SEGGER/OS/SEGGER_SYSVIEW_FreeRTOS.o
 .debug_info    0x000031c8     0x13d7 ./Common/ThirdParty/SEGGER/SEGGER/SEGGER_RTT.o
 .debug_info    0x0000459f       0x25 ./Common/ThirdParty/SEGGER/SEGGER/SEGGER_RTT_ASM_ARMv7M.o
 .debug_info    0x000045c4     0x351c ./Common/ThirdParty/SEGGER/SEGGER/SEGGER_SYSVIEW.o
 .debug_info    0x00007ae0      0xee3 ./Core/Src/main.o
 .debug_info    0x000089c3      0x278 ./Core/Src/stm32f4xx_hal_msp.o
 .debug_info    0x00008c3b      0xbee ./Core/Src/stm32f4xx_hal_timebase_tim.o
 .debug_info    0x00009829      0x6ab ./Core/Src/stm32f4xx_it.o
 .debug_info    0x00009ed4      0x512 ./Core/Src/system_stm32f4xx.o
 .debug_info    0x0000a3e6       0x30 ./Core/Startup/startup_stm32f407vgtx.o
 .debug_info    0x0000a416      0x944 ./Drivers/STM32F4xx_HAL_Driver/Src/stm32f4xx_hal.o
 .debug_info    0x0000ad5a      0xd8c ./Drivers/STM32F4xx_HAL_Driver/Src/stm32f4xx_hal_cortex.o
 .debug_info    0x0000bae6      0x6c3 ./Drivers/STM32F4xx_HAL_Driver/Src/stm32f4xx_hal_gpio.o
 .debug_info    0x0000c1a9      0x8c3 ./Drivers/STM32F4xx_HAL_Driver/Src/stm32f4xx_hal_rcc.o
 .debug_info    0x0000ca6c     0x299d ./Drivers/STM32F4xx_HAL_Driver/Src/stm32f4xx_hal_tim.o
 .debug_info    0x0000f409     0x14db ./Drivers/STM32F4xx_HAL_Driver/Src/stm32f4xx_hal_tim_ex.o

.debug_abbrev   0x00000000     0x2845
 .debug_abbrev  0x00000000       0xf5 ./Common/ThirdParty/FreeRTOS/list.o
 .debug_abbrev  0x000000f5      0x39b ./Common/ThirdParty/FreeRTOS/tasks.o
 .debug_abbrev  0x00000490      0x242 ./Common/ThirdParty/FreeRTOS/portable/GCC/ARM_CM4F/port.o
 .debug_abbrev  0x000006d2      0x205 ./Common/ThirdParty/FreeRTOS/portable/MemMang/heap_4.o
 .debug_abbrev  0x000008d7       0xdf ./Common/ThirdParty/SEGGER/Config/SEGGER_SYSVIEW_Config_FreeRTOS.o
 .debug_abbrev  0x000009b6      0x1a4 ./Common/ThirdParty/SEGGER/OS/SEGGER_SYSVIEW_FreeRTOS.o
 .debug_abbrev  0x00000b5a      0x258 ./Common/ThirdParty/SEGGER/SEGGER/SEGGER_RTT.o
 .debug_abbrev  0x00000db2       0x14 ./Common/ThirdParty/SEGGER/SEGGER/SEGGER_RTT_ASM_ARMv7M.o
 .debug_abbrev  0x00000dc6      0x336 ./Common/ThirdParty/SEGGER/SEGGER/SEGGER_SYSVIEW.o
 .debug_abbrev  0x000010fc      0x2f8 ./Core/Src/main.o
 .debug_abbrev  0x000013f4       0xeb ./Core/Src/stm32f4xx_hal_msp.o
 .debug_abbrev  0x000014df      0x1f4 ./Core/Src/stm32f4xx_hal_timebase_tim.o
 .debug_abbrev  0x000016d3      0x17d ./Core/Src/stm32f4xx_it.o
 .debug_abbrev  0x00001850      0x11a ./Core/Src/system_stm32f4xx.o
 .debug_abbrev  0x0000196a       0x24 ./Core/Startup/startup_stm32f407vgtx.o
 .debug_abbrev  0x0000198e      0x214 ./Drivers/STM32F4xx_HAL_Driver/Src/stm32f4xx_hal.o
 .debug_abbrev  0x00001ba2      0x31d ./Drivers/STM32F4xx_HAL_Driver/Src/stm32f4xx_hal_cortex.o
 .debug_abbrev  0x00001ebf      0x1d4 ./Drivers/STM32F4xx_HAL_Driver/Src/stm32f4xx_hal_gpio.o
 .debug_abbrev  0x00002093      0x2b7 ./Drivers/STM32F4xx_HAL_Driver/Src/stm32f4xx_hal_rcc.o
 .debug_abbrev  0x0000234a      0x278 ./Drivers/STM32F4xx_HAL_Driver/Src/stm32f4xx_hal_tim.o
 .debug_abbrev  0x000025c2      0x283 ./Drivers/STM32F4xx_HAL_Driver/Src/stm32f4xx_hal_tim_ex.o

.debug_aranges  0x00000000     0x10c8
 .debug_aranges
                0x00000000       0x40 ./Common/ThirdParty/FreeRTOS/list.o
 .debug_aranges
                0x00000040      0x1e8 ./Common/ThirdParty/FreeRTOS/tasks.o
 .debug_aranges
                0x00000228       0x88 ./Common/ThirdParty/FreeRTOS/portable/GCC/ARM_CM4F/port.o
 .debug_aranges
                0x000002b0       0x50 ./Common/ThirdParty/FreeRTOS/portable/MemMang/heap_4.o
 .debug_aranges
                0x00000300       0x28 ./Common/ThirdParty/SEGGER/Config/SEGGER_SYSVIEW_Config_FreeRTOS.o
 .debug_aranges
                0x00000328       0x48 ./Common/ThirdParty/SEGGER/OS/SEGGER_SYSVIEW_FreeRTOS.o
 .debug_aranges
                0x00000370      0x138 ./Common/ThirdParty/SEGGER/SEGGER/SEGGER_RTT.o
 .debug_aranges
                0x000004a8       0x20 ./Common/ThirdParty/SEGGER/SEGGER/SEGGER_RTT_ASM_ARMv7M.o
 .debug_aranges
                0x000004c8      0x280 ./Common/ThirdParty/SEGGER/SEGGER/SEGGER_SYSVIEW.o
 .debug_aranges
                0x00000748       0x58 ./Core/Src/main.o
 .debug_aranges
                0x000007a0       0x20 ./Core/Src/stm32f4xx_hal_msp.o
 .debug_aranges
                0x000007c0       0x30 ./Core/Src/stm32f4xx_hal_timebase_tim.o
 .debug_aranges
                0x000007f0       0x50 ./Core/Src/stm32f4xx_it.o
 .debug_aranges
                0x00000840       0x28 ./Core/Src/system_stm32f4xx.o
 .debug_aranges
                0x00000868       0x28 ./Core/Startup/startup_stm32f407vgtx.o
 .debug_aranges
                0x00000890       0xf0 ./Drivers/STM32F4xx_HAL_Driver/Src/stm32f4xx_hal.o
 .debug_aranges
                0x00000980      0x130 ./Drivers/STM32F4xx_HAL_Driver/Src/stm32f4xx_hal_cortex.o
 .debug_aranges
                0x00000ab0       0x58 ./Drivers/STM32F4xx_HAL_Driver/Src/stm32f4xx_hal_gpio.o
 .debug_aranges
                0x00000b08       0x88 ./Drivers/STM32F4xx_HAL_Driver/Src/stm32f4xx_hal_rcc.o
 .debug_aranges
                0x00000b90      0x3d0 ./Drivers/STM32F4xx_HAL_Driver/Src/stm32f4xx_hal_tim.o
 .debug_aranges
                0x00000f60      0x168 ./Drivers/STM32F4xx_HAL_Driver/Src/stm32f4xx_hal_tim_ex.o

.debug_rnglists
                0x00000000      0xce8
 .debug_rnglists
                0x00000000       0x2b ./Common/ThirdParty/FreeRTOS/list.o
 .debug_rnglists
                0x0000002b      0x188 ./Common/ThirdParty/FreeRTOS/tasks.o
 .debug_rnglists
                0x000001b3       0x64 ./Common/ThirdParty/FreeRTOS/portable/GCC/ARM_CM4F/port.o
 .debug_rnglists
                0x00000217       0x3b ./Common/ThirdParty/FreeRTOS/portable/MemMang/heap_4.o
 .debug_rnglists
                0x00000252       0x19 ./Common/ThirdParty/SEGGER/Config/SEGGER_SYSVIEW_Config_FreeRTOS.o
 .debug_rnglists
                0x0000026b       0x36 ./Common/ThirdParty/SEGGER/OS/SEGGER_SYSVIEW_FreeRTOS.o
 .debug_rnglists
                0x000002a1       0xf5 ./Common/ThirdParty/SEGGER/SEGGER/SEGGER_RTT.o
 .debug_rnglists
                0x00000396      0x202 ./Common/ThirdParty/SEGGER/SEGGER/SEGGER_SYSVIEW.o
 .debug_rnglists
                0x00000598       0x40 ./Core/Src/main.o
 .debug_rnglists
                0x000005d8       0x13 ./Core/Src/stm32f4xx_hal_msp.o
 .debug_rnglists
                0x000005eb       0x20 ./Core/Src/stm32f4xx_hal_timebase_tim.o
 .debug_rnglists
                0x0000060b       0x37 ./Core/Src/stm32f4xx_it.o
 .debug_rnglists
                0x00000642       0x1a ./Core/Src/system_stm32f4xx.o
 .debug_rnglists
                0x0000065c       0x19 ./Core/Startup/startup_stm32f407vgtx.o
 .debug_rnglists
                0x00000675       0xaf ./Drivers/STM32F4xx_HAL_Driver/Src/stm32f4xx_hal.o
 .debug_rnglists
                0x00000724       0xe0 ./Drivers/STM32F4xx_HAL_Driver/Src/stm32f4xx_hal_cortex.o
 .debug_rnglists
                0x00000804       0x3f ./Drivers/STM32F4xx_HAL_Driver/Src/stm32f4xx_hal_gpio.o
 .debug_rnglists
                0x00000843       0x66 ./Drivers/STM32F4xx_HAL_Driver/Src/stm32f4xx_hal_rcc.o
 .debug_rnglists
                0x000008a9      0x31a ./Drivers/STM32F4xx_HAL_Driver/Src/stm32f4xx_hal_tim.o
 .debug_rnglists
                0x00000bc3      0x125 ./Drivers/STM32F4xx_HAL_Driver/Src/stm32f4xx_hal_tim_ex.o

.debug_macro    0x00000000    0x20807
 .debug_macro   0x00000000      0x1e8 ./Common/ThirdParty/FreeRTOS/list.o
 .debug_macro   0x000001e8      0x2e8 ./Common/ThirdParty/FreeRTOS/tasks.o
 .debug_macro   0x000004d0       0x10 ./Common/ThirdParty/FreeRTOS/tasks.o
 .debug_macro   0x000004e0      0x221 ./Common/ThirdParty/FreeRTOS/portable/GCC/ARM_CM4F/port.o
 .debug_macro   0x00000701      0x20f ./Common/ThirdParty/FreeRTOS/portable/MemMang/heap_4.o
 .debug_macro   0x00000910      0x137 ./Common/ThirdParty/SEGGER/Config/SEGGER_SYSVIEW_Config_FreeRTOS.o
 .debug_macro   0x00000a47      0x203 ./Common/ThirdParty/SEGGER/OS/SEGGER_SYSVIEW_FreeRTOS.o
 .debug_macro   0x00000c4a      0x1bd ./Common/ThirdParty/SEGGER/SEGGER/SEGGER_RTT.o
 .debug_macro   0x00000e07       0x34 ./Common/ThirdParty/SEGGER/SEGGER/SEGGER_RTT.o
 .debug_macro   0x00000e3b      0x138 ./Common/ThirdParty/SEGGER/SEGGER/SEGGER_RTT.o
 .debug_macro   0x00000f73      0x212 ./Common/ThirdParty/SEGGER/SEGGER/SEGGER_SYSVIEW.o
 .debug_macro   0x00001185      0x204 ./Common/ThirdParty/SEGGER/SEGGER/SEGGER_SYSVIEW.o
 .debug_macro   0x00001389      0x16e ./Common/ThirdParty/SEGGER/SEGGER/SEGGER_SYSVIEW.o
 .debug_macro   0x000014f7      0x36b ./Core/Src/main.o
 .debug_macro   0x00001862      0x295 ./Core/Src/main.o
 .debug_macro   0x00001af7       0x2e ./Core/Src/main.o
 .debug_macro   0x00001b25       0x2f ./Core/Src/main.o
 .debug_macro   0x00001b54       0x1c ./Core/Src/main.o
 .debug_macro   0x00001b70       0x22 ./Core/Src/main.o
 .debug_macro   0x00001b92       0xfb ./Core/Src/main.o
 .debug_macro   0x00001c8d     0x1011 ./Core/Src/main.o
 .debug_macro   0x00002c9e      0x11f ./Core/Src/main.o
 .debug_macro   0x00002dbd    0x15ea5 ./Core/Src/main.o
 .debug_macro   0x00018c62       0x6d ./Core/Src/main.o
 .debug_macro   0x00018ccf     0x3693 ./Core/Src/main.o
 .debug_macro   0x0001c362       0x5c ./Core/Src/main.o
 .debug_macro   0x0001c3be      0x980 ./Core/Src/main.o
 .debug_macro   0x0001cd3e      0x9e9 ./Core/Src/main.o
 .debug_macro   0x0001d727      0x115 ./Core/Src/main.o
 .debug_macro   0x0001d83c      0x13e ./Core/Src/main.o
 .debug_macro   0x0001d97a       0xa5 ./Core/Src/main.o
 .debug_macro   0x0001da1f      0x174 ./Core/Src/main.o
 .debug_macro   0x0001db93      0x287 ./Core/Src/main.o
 .debug_macro   0x0001de1a       0x5f ./Core/Src/main.o
 .debug_macro   0x0001de79      0x236 ./Core/Src/main.o
 .debug_macro   0x0001e0af      0x12c ./Core/Src/main.o
 .debug_macro   0x0001e1db      0x21e ./Core/Src/main.o
 .debug_macro   0x0001e3f9       0x2e ./Core/Src/main.o
 .debug_macro   0x0001e427      0x127 ./Core/Src/main.o
 .debug_macro   0x0001e54e       0x7e ./Core/Src/main.o
 .debug_macro   0x0001e5cc       0x89 ./Core/Src/main.o
 .debug_macro   0x0001e655      0x8ed ./Core/Src/main.o
 .debug_macro   0x0001ef42       0x4d ./Core/Src/main.o
 .debug_macro   0x0001ef8f      0x12d ./Core/Src/main.o
 .debug_macro   0x0001f0bc      0x1a5 ./Core/Src/main.o
 .debug_macro   0x0001f261      0x112 ./Core/Src/main.o
 .debug_macro   0x0001f373       0x16 ./Core/Src/main.o
 .debug_macro   0x0001f389       0x16 ./Core/Src/main.o
 .debug_macro   0x0001f39f       0x16 ./Core/Src/main.o
 .debug_macro   0x0001f3b5      0x146 ./Core/Src/main.o
 .debug_macro   0x0001f4fb      0x284 ./Core/Src/stm32f4xx_hal_msp.o
 .debug_macro   0x0001f77f      0x1c4 ./Core/Src/stm32f4xx_hal_timebase_tim.o
 .debug_macro   0x0001f943      0x1dd ./Core/Src/stm32f4xx_it.o
 .debug_macro   0x0001fb20      0x1c4 ./Core/Src/system_stm32f4xx.o
 .debug_macro   0x0001fce4      0x224 ./Drivers/STM32F4xx_HAL_Driver/Src/stm32f4xx_hal.o
 .debug_macro   0x0001ff08      0x1c4 ./Drivers/STM32F4xx_HAL_Driver/Src/stm32f4xx_hal_cortex.o
 .debug_macro   0x000200cc      0x1ca ./Drivers/STM32F4xx_HAL_Driver/Src/stm32f4xx_hal_gpio.o
 .debug_macro   0x00020296      0x1e8 ./Drivers/STM32F4xx_HAL_Driver/Src/stm32f4xx_hal_rcc.o
 .debug_macro   0x0002047e      0x1c5 ./Drivers/STM32F4xx_HAL_Driver/Src/stm32f4xx_hal_tim.o
 .debug_macro   0x00020643      0x1c4 ./Drivers/STM32F4xx_HAL_Driver/Src/stm32f4xx_hal_tim_ex.o

.debug_line     0x00000000    0x127e1
 .debug_line    0x00000000      0x904 ./Common/ThirdParty/FreeRTOS/list.o
 .debug_line    0x00000904     0x1d50 ./Common/ThirdParty/FreeRTOS/tasks.o
 .debug_line    0x00002654      0xa31 ./Common/ThirdParty/FreeRTOS/portable/GCC/ARM_CM4F/port.o
 .debug_line    0x00003085      0xab7 ./Common/ThirdParty/FreeRTOS/portable/MemMang/heap_4.o
 .debug_line    0x00003b3c      0x6a5 ./Common/ThirdParty/SEGGER/Config/SEGGER_SYSVIEW_Config_FreeRTOS.o
 .debug_line    0x000041e1      0x992 ./Common/ThirdParty/SEGGER/OS/SEGGER_SYSVIEW_FreeRTOS.o
 .debug_line    0x00004b73      0xf3e ./Common/ThirdParty/SEGGER/SEGGER/SEGGER_RTT.o
 .debug_line    0x00005ab1       0x86 ./Common/ThirdParty/SEGGER/SEGGER/SEGGER_RTT_ASM_ARMv7M.o
 .debug_line    0x00005b37     0x1ccf ./Common/ThirdParty/SEGGER/SEGGER/SEGGER_SYSVIEW.o
 .debug_line    0x00007806      0xd04 ./Core/Src/main.o
 .debug_line    0x0000850a      0x98a ./Core/Src/stm32f4xx_hal_msp.o
 .debug_line    0x00008e94      0x7ac ./Core/Src/stm32f4xx_hal_timebase_tim.o
 .debug_line    0x00009640      0x7b7 ./Core/Src/stm32f4xx_it.o
 .debug_line    0x00009df7      0x7a4 ./Core/Src/system_stm32f4xx.o
 .debug_line    0x0000a59b       0x7a ./Core/Startup/startup_stm32f407vgtx.o
 .debug_line    0x0000a615      0xa20 ./Drivers/STM32F4xx_HAL_Driver/Src/stm32f4xx_hal.o
 .debug_line    0x0000b035      0xcf0 ./Drivers/STM32F4xx_HAL_Driver/Src/stm32f4xx_hal_cortex.o
 .debug_line    0x0000bd25      0xb78 ./Drivers/STM32F4xx_HAL_Driver/Src/stm32f4xx_hal_gpio.o
 .debug_line    0x0000c89d      0xe2f ./Drivers/STM32F4xx_HAL_Driver/Src/stm32f4xx_hal_rcc.o
 .debug_line    0x0000d6cc     0x3795 ./Drivers/STM32F4xx_HAL_Driver/Src/stm32f4xx_hal_tim.o
 .debug_line    0x00010e61     0x1980 ./Drivers/STM32F4xx_HAL_Driver/Src/stm32f4xx_hal_tim_ex.o

.debug_str      0x00000000    0xd57e8
 .debug_str     0x00000000    0xd57e8 ./Common/ThirdParty/FreeRTOS/list.o
                               0xeae2 (size before relaxing)
 .debug_str     0x000d57e8    0x11154 ./Common/ThirdParty/FreeRTOS/tasks.o
 .debug_str     0x000d57e8     0xc79a ./Common/ThirdParty/FreeRTOS/portable/GCC/ARM_CM4F/port.o
 .debug_str     0x000d57e8     0xf22f ./Common/ThirdParty/FreeRTOS/portable/MemMang/heap_4.o
 .debug_str     0x000d57e8     0xb155 ./Common/ThirdParty/SEGGER/Config/SEGGER_SYSVIEW_Config_FreeRTOS.o
 .debug_str     0x000d57e8     0xf0cc ./Common/ThirdParty/SEGGER/OS/SEGGER_SYSVIEW_FreeRTOS.o
 .debug_str     0x000d57e8     0x7d48 ./Common/ThirdParty/SEGGER/SEGGER/SEGGER_RTT.o
 .debug_str     0x000d57e8       0x92 ./Common/ThirdParty/SEGGER/SEGGER/SEGGER_RTT_ASM_ARMv7M.o
 .debug_str     0x000d57e8     0x9d6a ./Common/ThirdParty/SEGGER/SEGGER/SEGGER_SYSVIEW.o
 .debug_str     0x000d57e8    0xce47b ./Core/Src/main.o
 .debug_str     0x000d57e8    0xc96ad ./Core/Src/stm32f4xx_hal_msp.o
 .debug_str     0x000d57e8    0xc2d1f ./Core/Src/stm32f4xx_hal_timebase_tim.o
 .debug_str     0x000d57e8    0xc2ccf ./Core/Src/stm32f4xx_it.o
 .debug_str     0x000d57e8    0xc2228 ./Core/Src/system_stm32f4xx.o
 .debug_str     0x000d57e8       0x74 ./Core/Startup/startup_stm32f407vgtx.o
 .debug_str     0x000d57e8    0xc2dac ./Drivers/STM32F4xx_HAL_Driver/Src/stm32f4xx_hal.o
 .debug_str     0x000d57e8    0xc2b28 ./Drivers/STM32F4xx_HAL_Driver/Src/stm32f4xx_hal_cortex.o
 .debug_str     0x000d57e8    0xc23a3 ./Drivers/STM32F4xx_HAL_Driver/Src/stm32f4xx_hal_gpio.o
 .debug_str     0x000d57e8    0xc265c ./Drivers/STM32F4xx_HAL_Driver/Src/stm32f4xx_hal_rcc.o
 .debug_str     0x000d57e8    0xc35b2 ./Drivers/STM32F4xx_HAL_Driver/Src/stm32f4xx_hal_tim.o
 .debug_str     0x000d57e8    0xc2dbe ./Drivers/STM32F4xx_HAL_Driver/Src/stm32f4xx_hal_tim_ex.o

.comment        0x00000000       0x43
 .comment       0x00000000       0x43 ./Common/ThirdParty/FreeRTOS/list.o
                                 0x44 (size before relaxing)
 .comment       0x00000043       0x44 ./Common/ThirdParty/FreeRTOS/tasks.o
 .comment       0x00000043       0x44 ./Common/ThirdParty/FreeRTOS/portable/GCC/ARM_CM4F/port.o
 .comment       0x00000043       0x44 ./Common/ThirdParty/FreeRTOS/portable/MemMang/heap_4.o
 .comment       0x00000043       0x44 ./Common/ThirdParty/SEGGER/Config/SEGGER_SYSVIEW_Config_FreeRTOS.o
 .comment       0x00000043       0x44 ./Common/ThirdParty/SEGGER/OS/SEGGER_SYSVIEW_FreeRTOS.o
 .comment       0x00000043       0x44 ./Common/ThirdParty/SEGGER/SEGGER/SEGGER_RTT.o
 .comment       0x00000043       0x44 ./Common/ThirdParty/SEGGER/SEGGER/SEGGER_SYSVIEW.o
 .comment       0x00000043       0x44 ./Core/Src/main.o
 .comment       0x00000043       0x44 ./Core/Src/stm32f4xx_hal_msp.o
 .comment       0x00000043       0x44 ./Core/Src/stm32f4xx_hal_timebase_tim.o
 .comment       0x00000043       0x44 ./Core/Src/stm32f4xx_it.o
 .comment       0x00000043       0x44 ./Core/Src/system_stm32f4xx.o
 .comment       0x00000043       0x44 ./Drivers/STM32F4xx_HAL_Driver/Src/stm32f4xx_hal.o
 .comment       0x00000043       0x44 ./Drivers/STM32F4xx_HAL_Driver/Src/stm32f4xx_hal_cortex.o
 .comment       0x00000043       0x44 ./Drivers/STM32F4xx_HAL_Driver/Src/stm32f4xx_hal_gpio.o
 .comment       0x00000043       0x44 ./Drivers/STM32F4xx_HAL_Driver/Src/stm32f4xx_hal_rcc.o
 .comment       0x00000043       0x44 ./Drivers/STM32F4xx_HAL_Driver/Src/stm32f4xx_hal_tim.o
 .comment       0x00000043       0x44 ./Drivers/STM32F4xx_HAL_Driver/Src/stm32f4xx_hal_tim_ex.o

.debug_frame    0x00000000     0x45f0
 .debug_frame   0x00000000       0xd8 ./Common/ThirdParty/FreeRTOS/list.o
 .debug_frame   0x000000d8      0x874 ./Common/ThirdParty/FreeRTOS/tasks.o
 .debug_frame   0x0000094c      0x1d0 ./Common/ThirdParty/FreeRTOS/portable/GCC/ARM_CM4F/port.o
 .debug_frame   0x00000b1c      0x108 ./Common/ThirdParty/FreeRTOS/portable/MemMang/heap_4.o
 .debug_frame   0x00000c24       0x48 ./Common/ThirdParty/SEGGER/Config/SEGGER_SYSVIEW_Config_FreeRTOS.o
 .debug_frame   0x00000c6c      0x104 ./Common/ThirdParty/SEGGER/OS/SEGGER_SYSVIEW_FreeRTOS.o
 .debug_frame   0x00000d70      0x530 ./Common/ThirdParty/SEGGER/SEGGER/SEGGER_RTT.o
 .debug_frame   0x000012a0      0xbc4 ./Common/ThirdParty/SEGGER/SEGGER/SEGGER_SYSVIEW.o
 .debug_frame   0x00001e64      0x118 ./Core/Src/main.o
 .debug_frame   0x00001f7c       0x34 ./Core/Src/stm32f4xx_hal_msp.o
 .debug_frame   0x00001fb0       0x74 ./Core/Src/stm32f4xx_hal_timebase_tim.o
 .debug_frame   0x00002024       0xc4 ./Core/Src/stm32f4xx_it.o
 .debug_frame   0x000020e8       0x58 ./Core/Src/system_stm32f4xx.o
 .debug_frame   0x00002140      0x374 ./Drivers/STM32F4xx_HAL_Driver/Src/stm32f4xx_hal.o
 .debug_frame   0x000024b4      0x508 ./Drivers/STM32F4xx_HAL_Driver/Src/stm32f4xx_hal_cortex.o
 .debug_frame   0x000029bc      0x14c ./Drivers/STM32F4xx_HAL_Driver/Src/stm32f4xx_hal_gpio.o
 .debug_frame   0x00002b08      0x1f4 ./Drivers/STM32F4xx_HAL_Driver/Src/stm32f4xx_hal_rcc.o
 .debug_frame   0x00002cfc     0x11c0 ./Drivers/STM32F4xx_HAL_Driver/Src/stm32f4xx_hal_tim.o
 .debug_frame   0x00003ebc      0x638 ./Drivers/STM32F4xx_HAL_Driver/Src/stm32f4xx_hal_tim_ex.o
 .debug_frame   0x000044f4       0x28 C:/ST/STM32CubeIDE_1.19.0/STM32CubeIDE/plugins/com.st.stm32cube.ide.mcu.externaltools.gnu-tools-for-stm32.13.3.rel1.win32_1.0.0.202411081344/tools/bin/../lib/gcc/arm-none-eabi/13.3.1/../../../../arm-none-eabi/lib/thumb/v7e-m+fp/hard\libc_nano.a(libc_a-memcmp.o)
 .debug_frame   0x0000451c       0x20 C:/ST/STM32CubeIDE_1.19.0/STM32CubeIDE/plugins/com.st.stm32cube.ide.mcu.externaltools.gnu-tools-for-stm32.13.3.rel1.win32_1.0.0.202411081344/tools/bin/../lib/gcc/arm-none-eabi/13.3.1/../../../../arm-none-eabi/lib/thumb/v7e-m+fp/hard\libc_nano.a(libc_a-memset.o)
 .debug_frame   0x0000453c       0x2c C:/ST/STM32CubeIDE_1.19.0/STM32CubeIDE/plugins/com.st.stm32cube.ide.mcu.externaltools.gnu-tools-for-stm32.13.3.rel1.win32_1.0.0.202411081344/tools/bin/../lib/gcc/arm-none-eabi/13.3.1/../../../../arm-none-eabi/lib/thumb/v7e-m+fp/hard\libc_nano.a(libc_a-init.o)
 .debug_frame   0x00004568       0x28 C:/ST/STM32CubeIDE_1.19.0/STM32CubeIDE/plugins/com.st.stm32cube.ide.mcu.externaltools.gnu-tools-for-stm32.13.3.rel1.win32_1.0.0.202411081344/tools/bin/../lib/gcc/arm-none-eabi/13.3.1/../../../../arm-none-eabi/lib/thumb/v7e-m+fp/hard\libc_nano.a(libc_a-memcpy-stub.o)
 .debug_frame   0x00004590       0x2c C:/ST/STM32CubeIDE_1.19.0/STM32CubeIDE/plugins/com.st.stm32cube.ide.mcu.externaltools.gnu-tools-for-stm32.13.3.rel1.win32_1.0.0.202411081344/tools/bin/../lib/gcc/arm-none-eabi/13.3.1/thumb/v7e-m+fp/hard\libgcc.a(_aeabi_uldivmod.o)
 .debug_frame   0x000045bc       0x34 C:/ST/STM32CubeIDE_1.19.0/STM32CubeIDE/plugins/com.st.stm32cube.ide.mcu.externaltools.gnu-tools-for-stm32.13.3.rel1.win32_1.0.0.202411081344/tools/bin/../lib/gcc/arm-none-eabi/13.3.1/thumb/v7e-m+fp/hard\libgcc.a(_udivmoddi4.o)

.debug_line_str
                0x00000000       0xac
 .debug_line_str
                0x00000000       0xac ./Common/ThirdParty/SEGGER/SEGGER/SEGGER_RTT_ASM_ARMv7M.o
                                 0x84 (size before relaxing)
 .debug_line_str
                0x000000ac       0x58 ./Core/Startup/startup_stm32f407vgtx.o
