2026-08-19 10:24:51,638 [INFO] Activator:176 - 


2026-08-19 10:24:51,639 [INFO] Activator:177 - !SESSION log4j initialized
2026-08-19 10:24:54,886 [INFO] LogOutputStream:77 - [STDOUT_REDIRECT] 
2026-08-19 10:24:58,632 [INFO] ApplicationProperties:184 - Using Application install path: C:\ST\STM32CubeIDE_1.19.0\STM32CubeIDE\plugins\com.st.stm32cube.common.mx_6.15.0.202507011659
2026-08-19 10:24:58,647 [INFO] DbMcusXml:78 - Set database path to: C:\ST\STM32CubeIDE_1.19.0\STM32CubeIDE\plugins\com.st.stm32cube.common.mx_6.15.0.202507011659\\db\/mcu/
2026-08-19 10:24:58,647 [INFO] ApiDb:274 - Set plugin database path to: C:\ST\STM32CubeIDE_1.19.0\STM32CubeIDE\plugins\com.st.stm32cube.common.mx_6.15.0.202507011659\\db\/plugins/boardmanager/
2026-08-19 10:24:58,647 [WARN] ApiDb:259 - Overriding images path with different value:  => C:\ST\STM32CubeIDE_1.19.0\STM32CubeIDE\plugins\com.st.stm32cube.common.mx_6.15.0.202507011659\\db\/plugins/mcufinder/images/
2026-08-19 10:25:00,763 [INFO] ApiDb:250 - Set database path to: C:\Users\A0095101\.stmcufinder\plugins\mcufinder//mcu/
2026-08-19 10:25:00,765 [INFO] DbMcusAds:125 - Set database path to: C:\Users\A0095101\.stmcufinder\plugins\mcufinder//mcu/
2026-08-19 10:25:00,767 [INFO] CrossReferenceDbSqlite:203 - Set database path to: C:\Users\A0095101\.stmcufinder\plugins\mcufinder//mcu/cs/
2026-08-19 10:25:00,839 [INFO] RulesReader:64 - Compatibility file has been processed (317 Rules)
2026-08-19 10:25:00,924 [INFO] DbMcusXml:78 - Set database path to: C:\ST\STM32CubeIDE_1.19.0\STM32CubeIDE\plugins\com.st.stm32cube.common.mx_6.15.0.202507011659\\db\/mcu/
2026-08-19 10:25:00,924 [INFO] ApiDb:274 - Set plugin database path to: C:\ST\STM32CubeIDE_1.19.0\STM32CubeIDE\plugins\com.st.stm32cube.common.mx_6.15.0.202507011659\\db\/plugins/boardmanager/
2026-08-19 10:25:00,924 [INFO] ApiDb:261 - Set plugin images path to: C:\ST\STM32CubeIDE_1.19.0\STM32CubeIDE\plugins\com.st.stm32cube.common.mx_6.15.0.202507011659\\db\/plugins/mcufinder/images/
2026-08-19 10:25:00,925 [WARN] DbFile:41 - Overriding database path with different value: C:\Users\A0095101\.stmcufinder\plugins\mcufinder/ => C:\Users\A0095101\.stmcufinder\plugins\mcufinder
2026-08-19 10:25:00,925 [INFO] ApiDb:250 - Set database path to: C:\Users\A0095101\.stmcufinder\plugins\mcufinder//mcu/
2026-08-19 10:25:00,925 [WARN] DbFile:41 - Overriding database path with different value: C:\Users\A0095101\.stmcufinder\plugins\mcufinder/ => C:\Users\A0095101\.stmcufinder\plugins\mcufinder
2026-08-19 10:25:00,925 [INFO] DbMcusAds:125 - Set database path to: C:\Users\A0095101\.stmcufinder\plugins\mcufinder//mcu/
2026-08-19 10:25:00,925 [WARN] DbFile:41 - Overriding database path with different value: C:\Users\A0095101\.stmcufinder\plugins\mcufinder/ => C:\Users\A0095101\.stmcufinder\plugins\mcufinder
2026-08-19 10:25:00,925 [WARN] DbFile:41 - Overriding database path with different value: C:\Users\A0095101\.stmcufinder\plugins\mcufinder/ => C:\Users\A0095101\.stmcufinder\plugins\mcufinder
2026-08-19 10:25:00,925 [INFO] CrossReferenceDbSqlite:203 - Set database path to: C:\Users\A0095101\.stmcufinder\plugins\mcufinder//mcu/cs/
2026-08-19 10:25:00,998 [INFO] MainPanel:274 - HeapMemory: 268435456
2026-08-19 10:25:01,064 [INFO] DbMcusXml:78 - Set database path to: C:\ST\STM32CubeIDE_1.19.0\STM32CubeIDE\plugins\com.st.stm32cube.common.mx_6.15.0.202507011659\\db\/mcu/
2026-08-19 10:25:01,064 [INFO] ApiDb:274 - Set plugin database path to: C:\ST\STM32CubeIDE_1.19.0\STM32CubeIDE\plugins\com.st.stm32cube.common.mx_6.15.0.202507011659\\db\/plugins/boardmanager/
2026-08-19 10:25:01,064 [INFO] ApiDb:261 - Set plugin images path to: C:\ST\STM32CubeIDE_1.19.0\STM32CubeIDE\plugins\com.st.stm32cube.common.mx_6.15.0.202507011659\\db\/plugins/mcufinder/images/
2026-08-19 10:25:01,064 [WARN] DbFile:41 - Overriding database path with different value: C:\Users\A0095101\.stmcufinder\plugins\mcufinder/ => C:\Users\A0095101\.stmcufinder\plugins\mcufinder
2026-08-19 10:25:01,065 [INFO] ApiDb:250 - Set database path to: C:\Users\A0095101\.stmcufinder\plugins\mcufinder//mcu/
2026-08-19 10:25:01,065 [WARN] DbFile:41 - Overriding database path with different value: C:\Users\A0095101\.stmcufinder\plugins\mcufinder/ => C:\Users\A0095101\.stmcufinder\plugins\mcufinder
2026-08-19 10:25:01,065 [INFO] DbMcusAds:125 - Set database path to: C:\Users\A0095101\.stmcufinder\plugins\mcufinder//mcu/
2026-08-19 10:25:01,065 [WARN] DbFile:41 - Overriding database path with different value: C:\Users\A0095101\.stmcufinder\plugins\mcufinder/ => C:\Users\A0095101\.stmcufinder\plugins\mcufinder
2026-08-19 10:25:01,065 [WARN] DbFile:41 - Overriding database path with different value: C:\Users\A0095101\.stmcufinder\plugins\mcufinder/ => C:\Users\A0095101\.stmcufinder\plugins\mcufinder
2026-08-19 10:25:01,065 [INFO] CrossReferenceDbSqlite:203 - Set database path to: C:\Users\A0095101\.stmcufinder\plugins\mcufinder//mcu/cs/
2026-08-19 10:25:01,082 [INFO] ApplicationProperties:184 - Using Application install path: C:\ST\STM32CubeIDE_1.19.0\STM32CubeIDE\plugins\com.st.stm32cube.common.mx_6.15.0.202507011659
2026-08-19 10:25:01,084 [INFO] PluginManage:196 - Search for loadable plugins [exclusion list=, ]
2026-08-19 10:25:01,084 [INFO] PluginManage:310 - Check plugin analytics
2026-08-19 10:25:01,245 [INFO] AnalyticsPlugin:253 - Accepted Software Licenses: 
2026-08-19 10:25:01,245 [INFO] AnalyticsPlugin:255 - Accepted CMSIS Pack Licenses: 
2026-08-19 10:25:01,245 [INFO] AnalyticsPlugin:257 - Accepted Firmware Licenses: 
2026-08-19 10:25:01,260 [INFO] PluginManage:359 - Loaded plugin analytics (category:tool,tabindex:-1)
2026-08-19 10:25:01,260 [INFO] PluginManage:310 - Check plugin cadmodel
2026-08-19 10:25:01,265 [INFO] CADModel:105 - Init CAD model plugin
2026-08-19 10:25:01,265 [INFO] PluginManage:359 - Loaded plugin cadmodel (category:power,tabindex:5)
2026-08-19 10:25:01,265 [INFO] PluginManage:310 - Check plugin clock
2026-08-19 10:25:01,272 [INFO] PluginManage:359 - Loaded plugin clock (category:base,tabindex:2)
2026-08-19 10:25:01,273 [INFO] PluginManage:310 - Check plugin ddr
2026-08-19 10:25:01,274 [INFO] PluginManage:359 - Loaded plugin ddr (category:tool,tabindex:6)
2026-08-19 10:25:01,275 [INFO] PluginManage:310 - Check plugin filemanager
2026-08-19 10:25:01,414 [INFO] PluginManage:359 - Loaded plugin filemanager (category:base,tabindex:10)
2026-08-19 10:25:01,414 [INFO] PluginManage:310 - Check plugin ipmanager
2026-08-19 10:25:01,421 [INFO] PluginManage:359 - Loaded plugin ipmanager (category:base,tabindex:5)
2026-08-19 10:25:01,422 [INFO] PluginManage:310 - Check plugin lpbam
2026-08-19 10:25:01,427 [INFO] PluginManage:359 - Loaded plugin lpbam (category:base,tabindex:0)
2026-08-19 10:25:01,427 [INFO] PluginManage:310 - Check plugin memorymap
2026-08-19 10:25:01,433 [INFO] PluginManage:359 - Loaded plugin memorymap (category:base,tabindex:4)
2026-08-19 10:25:01,433 [INFO] PluginManage:310 - Check plugin pinoutandconfiguration
2026-08-19 10:25:01,438 [INFO] PluginManage:359 - Loaded plugin pinoutandconfiguration (category:base,tabindex:1)
2026-08-19 10:25:01,439 [INFO] PluginManage:310 - Check plugin pinoutconfig
2026-08-19 10:25:01,494 [WARN] SupportedApi:132 - Cannot load RTOS API schema: s4s-elt-must-match.1: The content of 'definitions' must match (annotation?, (simpleType | complexType)?, (unique | key | keyref)*)). A problem was found starting at: attribute.
2026-08-19 10:25:01,579 [INFO] PluginManage:359 - Loaded plugin pinoutconfig (category:base,tabindex:0)
2026-08-19 10:25:01,579 [INFO] PluginManage:310 - Check plugin power
2026-08-19 10:25:01,584 [INFO] PluginManage:359 - Loaded plugin power (category:power,tabindex:4)
2026-08-19 10:25:01,584 [INFO] PluginManage:310 - Check plugin projectmanager
2026-08-19 10:25:01,595 [INFO] PluginManage:359 - Loaded plugin projectmanager (category:projectmanager,tabindex:4)
2026-08-19 10:25:01,595 [INFO] PluginManage:310 - Check plugin rif
2026-08-19 10:25:01,601 [INFO] PluginManage:359 - Loaded plugin rif (category:base,tabindex:3)
2026-08-19 10:25:01,601 [INFO] PluginManage:310 - Check plugin thirdparty
2026-08-19 10:25:01,700 [INFO] PluginManage:359 - Loaded plugin thirdparty (category:base,tabindex:-1)
2026-08-19 10:25:01,700 [INFO] PluginManage:310 - Check plugin tools
2026-08-19 10:25:01,700 [WARN] IntegrityCheckThread:84 - waiting for thirdparty lock release [integrity check]
2026-08-19 10:25:01,701 [INFO] IntegrityCheckThread:86 - entering critical section [integrity check]
2026-08-19 10:25:01,701 [INFO] ThirdPartyUpdaterWithRetryManager:70 - Updater plugin not ready yet. [1/15]
2026-08-19 10:25:01,702 [INFO] PluginManage:359 - Loaded plugin tools (category:base,tabindex:7)
2026-08-19 10:25:01,703 [INFO] PluginManage:310 - Check plugin tutovideos
2026-08-19 10:25:01,862 [INFO] PluginManage:359 - Loaded plugin tutovideos (category:base,tabindex:-1)
2026-08-19 10:25:01,862 [INFO] PluginManage:310 - Check plugin updater
2026-08-19 10:25:01,883 [INFO] PluginManage:359 - Loaded plugin updater (category:base,tabindex:12)
2026-08-19 10:25:01,883 [INFO] PluginManage:310 - Check plugin userauth
2026-08-19 10:25:01,888 [INFO] UserAuth:118 - Init User Auth plugin
2026-08-19 10:25:01,889 [INFO] PluginManage:359 - Loaded plugin userauth (category:base,tabindex:14)
2026-08-19 10:25:01,890 [INFO] PluginManage:283 - PluginManage : Loaded plugins [18]
2026-08-19 10:25:02,150 [INFO] PinOutPanel:1589 - setPackage(No Configuration,No Configuration)
2026-08-19 10:25:02,249 [INFO] CADModel:165 - CPN selected for project level
2026-08-19 10:25:02,249 [INFO] CADModel:114 - Register for checkConnection events
2026-08-19 10:25:02,263 [INFO] IPUIPlugin:80 - create IPUIPlugin
2026-08-19 10:25:02,264 [INFO] PluginManager:220 - loadIPPluginJar : add adc
2026-08-19 10:25:02,266 [INFO] IPUIPlugin:80 - create IPUIPlugin
2026-08-19 10:25:02,267 [INFO] PluginManager:220 - loadIPPluginJar : add aes
2026-08-19 10:25:02,269 [INFO] IPUIPlugin:80 - create IPUIPlugin
2026-08-19 10:25:02,269 [INFO] PluginManager:220 - loadIPPluginJar : add can
2026-08-19 10:25:02,270 [INFO] IPUIPlugin:80 - create IPUIPlugin
2026-08-19 10:25:02,271 [INFO] PluginManager:220 - loadIPPluginJar : add comp
2026-08-19 10:25:02,272 [INFO] IPUIPlugin:80 - create IPUIPlugin
2026-08-19 10:25:02,272 [INFO] PluginManager:220 - loadIPPluginJar : add cryp
2026-08-19 10:25:02,274 [INFO] IPUIPlugin:80 - create IPUIPlugin
2026-08-19 10:25:02,274 [INFO] PluginManager:220 - loadIPPluginJar : add ddr_ctrl_phy
2026-08-19 10:25:02,276 [INFO] IPUIPlugin:80 - create IPUIPlugin
2026-08-19 10:25:02,277 [INFO] PluginManager:220 - loadIPPluginJar : add dfsdm
2026-08-19 10:25:02,283 [INFO] IPUIPlugin:80 - create IPUIPlugin
2026-08-19 10:25:02,283 [INFO] PluginManager:220 - loadIPPluginJar : add dma
2026-08-19 10:25:02,286 [INFO] IPUIPlugin:80 - create IPUIPlugin
2026-08-19 10:25:02,286 [INFO] PluginManager:220 - loadIPPluginJar : add dma3
2026-08-19 10:25:02,290 [INFO] IPUIPlugin:80 - create IPUIPlugin
2026-08-19 10:25:02,290 [INFO] PluginManager:220 - loadIPPluginJar : add extmemmanager
2026-08-19 10:25:02,291 [INFO] IPUIPlugin:80 - create IPUIPlugin
2026-08-19 10:25:02,291 [INFO] PluginManager:220 - loadIPPluginJar : add fatfs
2026-08-19 10:25:02,296 [INFO] IPUIPlugin:80 - create IPUIPlugin
2026-08-19 10:25:02,296 [INFO] PluginManager:220 - loadIPPluginJar : add fmc
2026-08-19 10:25:02,301 [INFO] IPUIPlugin:80 - create IPUIPlugin
2026-08-19 10:25:02,301 [INFO] PluginManager:220 - loadIPPluginJar : add freertos
2026-08-19 10:25:02,303 [INFO] IPUIPlugin:80 - create IPUIPlugin
2026-08-19 10:25:02,303 [INFO] PluginManager:220 - loadIPPluginJar : add genericplugin
2026-08-19 10:25:02,305 [INFO] IPUIPlugin:80 - create IPUIPlugin
2026-08-19 10:25:02,305 [INFO] PluginManager:220 - loadIPPluginJar : add gfxmmu
2026-08-19 10:25:02,310 [INFO] IPUIPlugin:80 - create IPUIPlugin
2026-08-19 10:25:02,311 [INFO] PluginManager:220 - loadIPPluginJar : add gic
2026-08-19 10:25:02,315 [INFO] IPUIPlugin:80 - create IPUIPlugin
2026-08-19 10:25:02,316 [INFO] PluginManager:220 - loadIPPluginJar : add gpio
2026-08-19 10:25:02,318 [INFO] IPUIPlugin:80 - create IPUIPlugin
2026-08-19 10:25:02,319 [INFO] PluginManager:220 - loadIPPluginJar : add gtzc
2026-08-19 10:25:02,322 [INFO] IPUIPlugin:80 - create IPUIPlugin
2026-08-19 10:25:02,322 [INFO] PluginManager:220 - loadIPPluginJar : add hash
2026-08-19 10:25:02,323 [INFO] IPUIPlugin:80 - create IPUIPlugin
2026-08-19 10:25:02,323 [INFO] PluginManager:220 - loadIPPluginJar : add i2c
2026-08-19 10:25:02,325 [INFO] IPUIPlugin:80 - create IPUIPlugin
2026-08-19 10:25:02,325 [INFO] PluginManager:220 - loadIPPluginJar : add i2s
2026-08-19 10:25:02,327 [INFO] IPUIPlugin:80 - create IPUIPlugin
2026-08-19 10:25:02,328 [INFO] PluginManager:220 - loadIPPluginJar : add i3c
2026-08-19 10:25:02,331 [INFO] IPUIPlugin:80 - create IPUIPlugin
2026-08-19 10:25:02,331 [INFO] PluginManager:220 - loadIPPluginJar : add ipddr
2026-08-19 10:25:02,336 [INFO] IPUIPlugin:80 - create IPUIPlugin
2026-08-19 10:25:02,337 [INFO] PluginManager:220 - loadIPPluginJar : add linkedlist
2026-08-19 10:25:02,340 [INFO] IPUIPlugin:80 - create IPUIPlugin
2026-08-19 10:25:02,340 [INFO] PluginManager:220 - loadIPPluginJar : add lorawan
2026-08-19 10:25:02,341 [INFO] IPUIPlugin:80 - create IPUIPlugin
2026-08-19 10:25:02,341 [INFO] PluginManager:220 - loadIPPluginJar : add ltdc
2026-08-19 10:25:02,345 [INFO] IPUIPlugin:80 - create IPUIPlugin
2026-08-19 10:25:02,346 [INFO] PluginManager:220 - loadIPPluginJar : add mdma
2026-08-19 10:25:02,348 [INFO] IPUIPlugin:80 - create IPUIPlugin
2026-08-19 10:25:02,349 [INFO] PluginManager:220 - loadIPPluginJar : add nvic
2026-08-19 10:25:02,351 [INFO] IPUIPlugin:80 - create IPUIPlugin
2026-08-19 10:25:02,351 [INFO] PluginManager:220 - loadIPPluginJar : add opamp
2026-08-19 10:25:02,353 [INFO] IPUIPlugin:80 - create IPUIPlugin
2026-08-19 10:25:02,354 [INFO] PluginManager:220 - loadIPPluginJar : add openamp
2026-08-19 10:25:02,356 [INFO] IPUIPlugin:80 - create IPUIPlugin
2026-08-19 10:25:02,356 [INFO] PluginManager:220 - loadIPPluginJar : add pdm2pcm
2026-08-19 10:25:02,360 [INFO] IPUIPlugin:80 - create IPUIPlugin
2026-08-19 10:25:02,361 [INFO] PluginManager:220 - loadIPPluginJar : add plateformsettings
2026-08-19 10:25:02,363 [INFO] IPUIPlugin:80 - create IPUIPlugin
2026-08-19 10:25:02,363 [INFO] PluginManager:220 - loadIPPluginJar : add quadspi
2026-08-19 10:25:02,364 [INFO] IPUIPlugin:80 - create IPUIPlugin
2026-08-19 10:25:02,365 [INFO] PluginManager:220 - loadIPPluginJar : add radio
2026-08-19 10:25:02,367 [INFO] IPUIPlugin:80 - create IPUIPlugin
2026-08-19 10:25:02,367 [INFO] PluginManager:220 - loadIPPluginJar : add resmgrutility
2026-08-19 10:25:02,369 [INFO] IPUIPlugin:80 - create IPUIPlugin
2026-08-19 10:25:02,369 [INFO] PluginManager:220 - loadIPPluginJar : add sai
2026-08-19 10:25:02,371 [INFO] IPUIPlugin:80 - create IPUIPlugin
2026-08-19 10:25:02,371 [INFO] PluginManager:220 - loadIPPluginJar : add spi
2026-08-19 10:25:02,375 [INFO] IPUIPlugin:80 - create IPUIPlugin
2026-08-19 10:25:02,375 [INFO] PluginManager:220 - loadIPPluginJar : add stm32_wpan
2026-08-19 10:25:02,376 [INFO] IPUIPlugin:80 - create IPUIPlugin
2026-08-19 10:25:02,376 [INFO] PluginManager:220 - loadIPPluginJar : add tim
2026-08-19 10:25:02,378 [INFO] IPUIPlugin:80 - create IPUIPlugin
2026-08-19 10:25:02,378 [INFO] PluginManager:220 - loadIPPluginJar : add touchsensing
2026-08-19 10:25:02,379 [INFO] IPUIPlugin:80 - create IPUIPlugin
2026-08-19 10:25:02,379 [INFO] PluginManager:220 - loadIPPluginJar : add tracer_emb
2026-08-19 10:25:02,380 [INFO] IPUIPlugin:80 - create IPUIPlugin
2026-08-19 10:25:02,381 [INFO] PluginManager:220 - loadIPPluginJar : add ts
2026-08-19 10:25:02,382 [INFO] IPUIPlugin:80 - create IPUIPlugin
2026-08-19 10:25:02,382 [INFO] PluginManager:220 - loadIPPluginJar : add tsc
2026-08-19 10:25:02,383 [INFO] IPUIPlugin:80 - create IPUIPlugin
2026-08-19 10:25:02,383 [INFO] PluginManager:220 - loadIPPluginJar : add ucpd
2026-08-19 10:25:02,385 [INFO] IPUIPlugin:80 - create IPUIPlugin
2026-08-19 10:25:02,385 [INFO] PluginManager:220 - loadIPPluginJar : add usart
2026-08-19 10:25:02,387 [INFO] IPUIPlugin:80 - create IPUIPlugin
2026-08-19 10:25:02,387 [INFO] PluginManager:220 - loadIPPluginJar : add usbx
2026-08-19 10:25:02,517 [FATAL] Updater:351 - Updater called before beeing initialized
2026-08-19 10:25:02,534 [INFO] RulesReader:64 - Compatibility file has been processed (317 Rules)
2026-08-19 10:25:02,543 [INFO] RulesReader:64 - Compatibility file has been processed (317 Rules)
2026-08-19 10:25:02,551 [INFO] CADModel:165 - CPN selected for project level
2026-08-19 10:25:02,551 [INFO] CADModel:114 - Register for checkConnection events
2026-08-19 10:25:02,551 [FATAL] Updater:351 - Updater called before beeing initialized
2026-08-19 10:25:02,551 [ERROR] CADModel:125 - Updater not yet initialized, retry later 
2026-08-19 10:25:02,663 [FATAL] Updater:351 - Updater called before beeing initialized
2026-08-19 10:25:02,664 [INFO] CADModel:165 - CPN selected for project level
2026-08-19 10:25:02,665 [INFO] CADModel:114 - Register for checkConnection events
2026-08-19 10:25:02,665 [FATAL] Updater:351 - Updater called before beeing initialized
2026-08-19 10:25:02,665 [ERROR] CADModel:125 - Updater not yet initialized, retry later 
2026-08-19 10:25:02,667 [FATAL] Updater:351 - Updater called before beeing initialized
2026-08-19 10:25:02,770 [FATAL] Updater:351 - Updater called before beeing initialized
2026-08-19 10:25:02,774 [INFO] DbMcusAds:53 - JSON generation date=Thu Sep 30 12:25:09 IST 2021 (1632984909247)
2026-08-19 10:25:02,774 [FATAL] Updater:351 - Updater called before beeing initialized
2026-08-19 10:25:02,807 [WARN] DetailPanel:346 - Failed to get advertising image, set to default
2026-08-19 10:25:02,903 [FATAL] Updater:351 - Updater called before beeing initialized
2026-08-19 10:25:02,904 [FATAL] Updater:351 - Updater called before beeing initialized
2026-08-19 10:25:02,904 [FATAL] Updater:351 - Updater called before beeing initialized
2026-08-19 10:25:02,904 [WARN] DetailPanel:346 - Failed to get advertising image, set to default
2026-08-19 10:25:02,905 [FATAL] Updater:351 - Updater called before beeing initialized
2026-08-19 10:25:02,947 [ERROR] Updater:1198 - MainUpdater not yet initialized. External WinMGr cannot be set.
2026-08-19 10:25:02,948 [INFO] Updater:1134 - Updater Version found : 6.15.0
2026-08-19 10:25:02,959 [INFO] ApplicationProperties:184 - Using Application install path: C:\ST\STM32CubeIDE_1.19.0\STM32CubeIDE\plugins\com.st.stm32cube.common.mx_6.15.0.202507011659
2026-08-19 10:25:04,530 [ERROR] LogOutputStream:75 - [STDERR_REDIRECT] Aug 19, 2026 10:25:04 AM java.util.prefs.WindowsPreferences <init>
2026-08-19 10:25:04,531 [ERROR] LogOutputStream:75 - [STDERR_REDIRECT] WARNING: Could not open/create prefs root node Software\JavaSoft\Prefs at root 0xffffffff80000002. Windows RegCreateKeyEx(...) returned error code 5.
2026-08-19 10:25:04,531 [ERROR] LogOutputStream:75 - [STDERR_REDIRECT] 
2026-08-19 10:25:04,703 [INFO] ThirdPartyUpdaterWithRetryManager:70 - Updater plugin not ready yet. [2/15]
2026-08-19 10:25:05,182 [INFO] MainUpdater:2872 - connection check result : 10
2026-08-19 10:25:05,183 [INFO] MainUpdater:3604 - Updater definition file requires update
2026-08-19 10:25:05,184 [INFO] MainUpdater:289 - Updater Check For Update Now.
2026-08-19 10:25:05,184 [INFO] MicroXplorer:498 - Change Database Version : DB.6.0.150
2026-08-19 10:25:05,189 [INFO] McuFinderGlobals:63 - Set McuFinder mode to 2 (CubeIDE integrated)
2026-08-19 10:25:05,189 [INFO] UserAuth:171 - activating auth plugin
2026-08-19 10:25:05,191 [INFO] UserAuth:487 - Internet connection configuration mode: 1
2026-08-19 10:25:05,202 [INFO] JxBrowserEngine:152 - Initiate JxBrowser Engine with user profile folder
2026-08-19 10:25:05,400 [INFO] ServerAccessManage:452 - Complete download http(s) 200
2026-08-19 10:25:05,401 [INFO] ServerAccessManage:509 - Download File updaters.zip
2026-08-19 10:25:06,134 [INFO] FileExtend:248 - Unzip File : updaters.zip
2026-08-19 10:25:06,135 [INFO] FileExtend:263 - Standard Zip Deflate
2026-08-19 10:25:06,900 [INFO] ServerAccessManage:452 - Complete download http(s) 200
2026-08-19 10:25:06,901 [INFO] ServerAccessManage:509 - Download File PacksControlFlags.xml
2026-08-19 10:25:07,173 [INFO] ServerAccessManage:452 - Complete download http(s) 200
2026-08-19 10:25:07,173 [INFO] ServerAccessManage:509 - Download File cubemx.pidx
2026-08-19 10:25:07,704 [WARN] MainUpdater:1193 - Updater busy. Cannot search thirdparties
2026-08-19 10:25:07,704 [INFO] ThirdPartyUpdaterWithRetryManager:96 - Updater plugin is busy. [1/15]
2026-08-19 10:25:07,999 [INFO] ServerAccessManage:452 - Complete download http(s) 200
2026-08-19 10:25:07,999 [INFO] ServerAccessManage:509 - Download File STMicroelectronics.FP-ATR-ASTRA1.pdsc
2026-08-19 10:25:09,276 [INFO] WebApp:169 - Instantiating new browser for Auth
2026-08-19 10:25:10,224 [INFO] WebApp:463 - Apply proxy settings
2026-08-19 10:25:10,224 [INFO] WebApp:548 - Chromium requires no authentication
2026-08-19 10:25:10,232 [INFO] WebApp:491 - Direct internet connection detected
2026-08-19 10:25:10,247 [INFO] WebApp:900 - Register for checkConnection events
2026-08-19 10:25:10,247 [INFO] WebApp:463 - Apply proxy settings
2026-08-19 10:25:10,247 [INFO] WebApp:548 - Chromium requires no authentication
2026-08-19 10:25:10,248 [INFO] WebApp:491 - Direct internet connection detected
2026-08-19 10:25:10,354 [INFO] WebApp:225 - Starting web application
2026-08-19 10:25:10,354 [INFO] WebApp:593 - Web application path used C:\ST\STM32CubeIDE_1.19.0\STM32CubeIDE\plugins\com.st.stm32cube.common.mx_6.15.0.202507011659\db\plugins\mcufinder\reactClient1\index.html
2026-08-19 10:25:10,705 [WARN] MainUpdater:1193 - Updater busy. Cannot search thirdparties
2026-08-19 10:25:10,705 [INFO] ThirdPartyUpdaterWithRetryManager:96 - Updater plugin is busy. [2/15]
2026-08-19 10:25:10,885 [INFO] WebApp:191 - Connection restablished
2026-08-19 10:25:13,707 [WARN] MainUpdater:1193 - Updater busy. Cannot search thirdparties
2026-08-19 10:25:13,707 [INFO] ThirdPartyUpdaterWithRetryManager:96 - Updater plugin is busy. [3/15]
2026-08-19 10:25:15,642 [INFO] ServerAccessManage:452 - Complete download http(s) 200
2026-08-19 10:25:15,642 [INFO] ServerAccessManage:509 - Download File STMicroelectronics.X-CUBE-AI.pdsc
2026-08-19 10:25:16,709 [WARN] MainUpdater:1193 - Updater busy. Cannot search thirdparties
2026-08-19 10:25:16,709 [INFO] ThirdPartyUpdaterWithRetryManager:96 - Updater plugin is busy. [4/15]
2026-08-19 10:25:19,710 [WARN] MainUpdater:1193 - Updater busy. Cannot search thirdparties
2026-08-19 10:25:19,710 [INFO] ThirdPartyUpdaterWithRetryManager:96 - Updater plugin is busy. [5/15]
2026-08-19 10:25:22,711 [WARN] MainUpdater:1193 - Updater busy. Cannot search thirdparties
2026-08-19 10:25:22,711 [INFO] ThirdPartyUpdaterWithRetryManager:96 - Updater plugin is busy. [6/15]
2026-08-19 10:25:25,714 [WARN] MainUpdater:1193 - Updater busy. Cannot search thirdparties
2026-08-19 10:25:25,714 [INFO] ThirdPartyUpdaterWithRetryManager:96 - Updater plugin is busy. [7/15]
2026-08-19 10:25:28,715 [WARN] MainUpdater:1193 - Updater busy. Cannot search thirdparties
2026-08-19 10:25:28,715 [INFO] ThirdPartyUpdaterWithRetryManager:96 - Updater plugin is busy. [8/15]
2026-08-19 10:25:31,715 [WARN] MainUpdater:1193 - Updater busy. Cannot search thirdparties
2026-08-19 10:25:31,715 [INFO] ThirdPartyUpdaterWithRetryManager:96 - Updater plugin is busy. [9/15]
2026-08-19 10:25:34,716 [WARN] MainUpdater:1193 - Updater busy. Cannot search thirdparties
2026-08-19 10:25:34,716 [INFO] ThirdPartyUpdaterWithRetryManager:96 - Updater plugin is busy. [10/15]
2026-08-19 10:25:37,716 [WARN] MainUpdater:1193 - Updater busy. Cannot search thirdparties
2026-08-19 10:25:37,716 [INFO] ThirdPartyUpdaterWithRetryManager:96 - Updater plugin is busy. [11/15]
2026-08-19 10:25:38,204 [INFO] ServerAccessManage:452 - Complete download http(s) 200
2026-08-19 10:25:38,205 [INFO] ServerAccessManage:509 - Download File STMicroelectronics.X-CUBE-BLEMGR.pdsc
2026-08-19 10:25:40,719 [WARN] MainUpdater:1193 - Updater busy. Cannot search thirdparties
2026-08-19 10:25:40,719 [INFO] ThirdPartyUpdaterWithRetryManager:96 - Updater plugin is busy. [12/15]
2026-08-19 10:25:41,900 [ERROR] ServerAccessManage:1212 - Problem, file not found on Server
2026-08-19 10:25:43,720 [WARN] MainUpdater:1193 - Updater busy. Cannot search thirdparties
2026-08-19 10:25:43,720 [INFO] ThirdPartyUpdaterWithRetryManager:96 - Updater plugin is busy. [13/15]
2026-08-19 10:25:46,721 [WARN] MainUpdater:1193 - Updater busy. Cannot search thirdparties
2026-08-19 10:25:46,721 [INFO] ThirdPartyUpdaterWithRetryManager:96 - Updater plugin is busy. [14/15]
2026-08-19 10:25:49,723 [WARN] MainUpdater:1193 - Updater busy. Cannot search thirdparties
2026-08-19 10:25:49,723 [INFO] ThirdPartyUpdaterWithRetryManager:96 - Updater plugin is busy. [15/15]
2026-08-19 10:25:49,723 [ERROR] IntegrityCheckThread:130 - Cannot retrieve database content from updater: error -1
2026-08-19 10:25:49,724 [INFO] ThirdParty:978 - Integrity check success = false
2026-08-19 10:25:49,724 [INFO] IntegrityCheckThread:100 - exiting critical section [integrity check]
2026-08-19 10:25:49,724 [INFO] IntegrityCheckThread:103 - End integrity checks thread
2026-08-19 10:25:50,412 [INFO] ServerAccessManage:452 - Complete download http(s) 200
2026-08-19 10:25:50,413 [INFO] ServerAccessManage:509 - Download File STMicroelectronics.X-CUBE-FREERTOS.pdsc
2026-08-19 10:26:00,784 [INFO] ServerAccessManage:452 - Complete download http(s) 200
2026-08-19 10:26:00,786 [INFO] ServerAccessManage:509 - Download File STMicroelectronics.X-CUBE-MEMS1.pdsc
2026-08-19 10:26:34,988 [INFO] ServerAccessManage:452 - Complete download http(s) 200
2026-08-19 10:26:34,988 [INFO] ServerAccessManage:509 - Download File STMicroelectronics.X-CUBE-NFC13.pdsc
2026-08-19 10:26:36,680 [INFO] ServerAccessManage:452 - Complete download http(s) 200
2026-08-19 10:26:36,680 [INFO] ServerAccessManage:509 - Download File STMicroelectronics.X-CUBE-AZRTOS-H7RS.pdsc
2026-08-19 10:26:41,997 [INFO] ServerAccessManage:452 - Complete download http(s) 200
2026-08-19 10:26:41,997 [INFO] ServerAccessManage:509 - Download File STMicroelectronics.X-CUBE-WBA.pdsc
2026-08-19 10:26:52,019 [ERROR] LogOutputStream:75 - [STDERR_REDIRECT] 
